13:08:17 **** Build of project PSPL_Basic_SDK_bsp ****
make -k all 
Running Make include in ps7_cortexa9_0/libsrc/dmaps_v2_3/src
make -C ps7_cortexa9_0/libsrc/dmaps_v2_3/src -s include  "SHELL=/bin/sh" "COMPILER=arm-none-eabi-gcc" "ARCHIVER=arm-none-eabi-ar" "COMPILER_FLAGS=  -O2 -c" "EXTRA_COMPILER_FLAGS=-mcpu=cortex-a9 -mfpu=vfpv3 -mfloat-abi=hard -nostartfiles -Wall -Wextra"
Running Make include in ps7_cortexa9_0/libsrc/ddrps_v1_0/src
make -C ps7_cortexa9_0/libsrc/ddrps_v1_0/src -s include  "SHELL=/bin/sh" "COMPILER=arm-none-eabi-gcc" "ARCHIVER=arm-none-eabi-ar" "COMPILER_FLAGS=  -O2 -c" "EXTRA_COMPILER_FLAGS=-mcpu=cortex-a9 -mfpu=vfpv3 -mfloat-abi=hard -nostartfiles -Wall -Wextra"
Running Make include in ps7_cortexa9_0/libsrc/gpiops_v3_3/src
make -C ps7_cortexa9_0/libsrc/gpiops_v3_3/src -s include  "SHELL=/bin/sh" "COMPILER=arm-none-eabi-gcc" "ARCHIVER=arm-none-eabi-ar" "COMPILER_FLAGS=  -O2 -c" "EXTRA_COMPILER_FLAGS=-mcpu=cortex-a9 -mfpu=vfpv3 -mfloat-abi=hard -nostartfiles -Wall -Wextra"
Running Make include in ps7_cortexa9_0/libsrc/scugic_v3_8/src
make -C ps7_cortexa9_0/libsrc/scugic_v3_8/src -s include  "SHELL=/bin/sh" "COMPILER=arm-none-eabi-gcc" "ARCHIVER=arm-none-eabi-ar" "COMPILER_FLAGS=  -O2 -c" "EXTRA_COMPILER_FLAGS=-mcpu=cortex-a9 -mfpu=vfpv3 -mfloat-abi=hard -nostartfiles -Wall -Wextra"
Running Make include in ps7_cortexa9_0/libsrc/standalone_v6_4/src
make -C ps7_cortexa9_0/libsrc/standalone_v6_4/src -s include  "SHELL=/bin/sh" "COMPILER=arm-none-eabi-gcc" "ARCHIVER=arm-none-eabi-ar" "COMPILER_FLAGS=  -O2 -c" "EXTRA_COMPILER_FLAGS=-mcpu=cortex-a9 -mfpu=vfpv3 -mfloat-abi=hard -nostartfiles -Wall -Wextra"
Running Make include in ps7_cortexa9_0/libsrc/cpu_cortexa9_v2_5/src
make -C ps7_cortexa9_0/libsrc/cpu_cortexa9_v2_5/src -s include  "SHELL=/bin/sh" "COMPILER=arm-none-eabi-gcc" "ARCHIVER=arm-none-eabi-ar" "COMPILER_FLAGS=  -O2 -c" "EXTRA_COMPILER_FLAGS=-mcpu=cortex-a9 -mfpu=vfpv3 -mfloat-abi=hard -nostartfiles -Wall -Wextra"
Running Make include in ps7_cortexa9_0/libsrc/xadcps_v2_2/src
make -C ps7_cortexa9_0/libsrc/xadcps_v2_2/src -s include  "SHELL=/bin/sh" "COMPILER=arm-none-eabi-gcc" "ARCHIVER=arm-none-eabi-ar" "COMPILER_FLAGS=  -O2 -c" "EXTRA_COMPILER_FLAGS=-mcpu=cortex-a9 -mfpu=vfpv3 -mfloat-abi=hard -nostartfiles -Wall -Wextra"
Running Make include in ps7_cortexa9_0/libsrc/devcfg_v3_5/src
make -C ps7_cortexa9_0/libsrc/devcfg_v3_5/src -s include  "SHELL=/bin/sh" "COMPILER=arm-none-eabi-gcc" "ARCHIVER=arm-none-eabi-ar" "COMPILER_FLAGS=  -O2 -c" "EXTRA_COMPILER_FLAGS=-mcpu=cortex-a9 -mfpu=vfpv3 -mfloat-abi=hard -nostartfiles -Wall -Wextra"
Running Make include in ps7_cortexa9_0/libsrc/gpio_v4_3/src
make -C ps7_cortexa9_0/libsrc/gpio_v4_3/src -s include  "SHELL=/bin/sh" "COMPILER=arm-none-eabi-gcc" "ARCHIVER=arm-none-eabi-ar" "COMPILER_FLAGS=  -O2 -c" "EXTRA_COMPILER_FLAGS=-mcpu=cortex-a9 -mfpu=vfpv3 -mfloat-abi=hard -nostartfiles -Wall -Wextra"
Running Make include in ps7_cortexa9_0/libsrc/scuwdt_v2_1/src
make -C ps7_cortexa9_0/libsrc/scuwdt_v2_1/src -s include  "SHELL=/bin/sh" "COMPILER=arm-none-eabi-gcc" "ARCHIVER=arm-none-eabi-ar" "COMPILER_FLAGS=  -O2 -c" "EXTRA_COMPILER_FLAGS=-mcpu=cortex-a9 -mfpu=vfpv3 -mfloat-abi=hard -nostartfiles -Wall -Wextra"
Running Make include in ps7_cortexa9_0/libsrc/uartps_v3_4/src
make -C ps7_cortexa9_0/libsrc/uartps_v3_4/src -s include  "SHELL=/bin/sh" "COMPILER=arm-none-eabi-gcc" "ARCHIVER=arm-none-eabi-ar" "COMPILER_FLAGS=  -O2 -c" "EXTRA_COMPILER_FLAGS=-mcpu=cortex-a9 -mfpu=vfpv3 -mfloat-abi=hard -nostartfiles -Wall -Wextra"
Running Make include in ps7_cortexa9_0/libsrc/coresightps_dcc_v1_4/src
make -C ps7_cortexa9_0/libsrc/coresightps_dcc_v1_4/src -s include  "SHELL=/bin/sh" "COMPILER=arm-none-eabi-gcc" "ARCHIVER=arm-none-eabi-ar" "COMPILER_FLAGS=  -O2 -c" "EXTRA_COMPILER_FLAGS=-mcpu=cortex-a9 -mfpu=vfpv3 -mfloat-abi=hard -nostartfiles -Wall -Wextra"
Running Make include in ps7_cortexa9_0/libsrc/scutimer_v2_1/src
make -C ps7_cortexa9_0/libsrc/scutimer_v2_1/src -s include  "SHELL=/bin/sh" "COMPILER=arm-none-eabi-gcc" "ARCHIVER=arm-none-eabi-ar" "COMPILER_FLAGS=  -O2 -c" "EXTRA_COMPILER_FLAGS=-mcpu=cortex-a9 -mfpu=vfpv3 -mfloat-abi=hard -nostartfiles -Wall -Wextra"
Running Make libs in ps7_cortexa9_0/libsrc/dmaps_v2_3/src
make -C ps7_cortexa9_0/libsrc/dmaps_v2_3/src -s libs  "SHELL=/bin/sh" "COMPILER=arm-none-eabi-gcc" "ARCHIVER=arm-none-eabi-ar" "COMPILER_FLAGS=  -O2 -c" "EXTRA_COMPILER_FLAGS=-mcpu=cortex-a9 -mfpu=vfpv3 -mfloat-abi=hard -nostartfiles -Wall -Wextra"
Compiling dmaps
arm-none-eabi-ar: 正在建立 ../../../lib/libxil.a
Running Make libs in ps7_cortexa9_0/libsrc/ddrps_v1_0/src
make -C ps7_cortexa9_0/libsrc/ddrps_v1_0/src -s libs  "SHELL=/bin/sh" "COMPILER=arm-none-eabi-gcc" "ARCHIVER=arm-none-eabi-ar" "COMPILER_FLAGS=  -O2 -c" "EXTRA_COMPILER_FLAGS=-mcpu=cortex-a9 -mfpu=vfpv3 -mfloat-abi=hard -nostartfiles -Wall -Wextra"
Compiling ddrps
Running Make libs in ps7_cortexa9_0/libsrc/gpiops_v3_3/src
make -C ps7_cortexa9_0/libsrc/gpiops_v3_3/src -s libs  "SHELL=/bin/sh" "COMPILER=arm-none-eabi-gcc" "ARCHIVER=arm-none-eabi-ar" "COMPILER_FLAGS=  -O2 -c" "EXTRA_COMPILER_FLAGS=-mcpu=cortex-a9 -mfpu=vfpv3 -mfloat-abi=hard -nostartfiles -Wall -Wextra"
Compiling gpiops
Running Make libs in ps7_cortexa9_0/libsrc/scugic_v3_8/src
make -C ps7_cortexa9_0/libsrc/scugic_v3_8/src -s libs  "SHELL=/bin/sh" "COMPILER=arm-none-eabi-gcc" "ARCHIVER=arm-none-eabi-ar" "COMPILER_FLAGS=  -O2 -c" "EXTRA_COMPILER_FLAGS=-mcpu=cortex-a9 -mfpu=vfpv3 -mfloat-abi=hard -nostartfiles -Wall -Wextra"
Compiling scugic
Running Make libs in ps7_cortexa9_0/libsrc/standalone_v6_4/src
make -C ps7_cortexa9_0/libsrc/standalone_v6_4/src -s libs  "SHELL=/bin/sh" "COMPILER=arm-none-eabi-gcc" "ARCHIVER=arm-none-eabi-ar" "COMPILER_FLAGS=  -O2 -c" "EXTRA_COMPILER_FLAGS=-mcpu=cortex-a9 -mfpu=vfpv3 -mfloat-abi=hard -nostartfiles -Wall -Wextra"
Compiling standalone
Running Make libs in ps7_cortexa9_0/libsrc/cpu_cortexa9_v2_5/src
make -C ps7_cortexa9_0/libsrc/cpu_cortexa9_v2_5/src -s libs  "SHELL=/bin/sh" "COMPILER=arm-none-eabi-gcc" "ARCHIVER=arm-none-eabi-ar" "COMPILER_FLAGS=  -O2 -c" "EXTRA_COMPILER_FLAGS=-mcpu=cortex-a9 -mfpu=vfpv3 -mfloat-abi=hard -nostartfiles -Wall -Wextra"
Compiling cpu_cortexa9
Running Make libs in ps7_cortexa9_0/libsrc/xadcps_v2_2/src
make -C ps7_cortexa9_0/libsrc/xadcps_v2_2/src -s libs  "SHELL=/bin/sh" "COMPILER=arm-none-eabi-gcc" "ARCHIVER=arm-none-eabi-ar" "COMPILER_FLAGS=  -O2 -c" "EXTRA_COMPILER_FLAGS=-mcpu=cortex-a9 -mfpu=vfpv3 -mfloat-abi=hard -nostartfiles -Wall -Wextra"
Compiling xadcps
Running Make libs in ps7_cortexa9_0/libsrc/devcfg_v3_5/src
make -C ps7_cortexa9_0/libsrc/devcfg_v3_5/src -s libs  "SHELL=/bin/sh" "COMPILER=arm-none-eabi-gcc" "ARCHIVER=arm-none-eabi-ar" "COMPILER_FLAGS=  -O2 -c" "EXTRA_COMPILER_FLAGS=-mcpu=cortex-a9 -mfpu=vfpv3 -mfloat-abi=hard -nostartfiles -Wall -Wextra"
Compiling devcfg
Running Make libs in ps7_cortexa9_0/libsrc/gpio_v4_3/src
make -C ps7_cortexa9_0/libsrc/gpio_v4_3/src -s libs  "SHELL=/bin/sh" "COMPILER=arm-none-eabi-gcc" "ARCHIVER=arm-none-eabi-ar" "COMPILER_FLAGS=  -O2 -c" "EXTRA_COMPILER_FLAGS=-mcpu=cortex-a9 -mfpu=vfpv3 -mfloat-abi=hard -nostartfiles -Wall -Wextra"
Compiling gpio
Running Make libs in ps7_cortexa9_0/libsrc/scuwdt_v2_1/src
make -C ps7_cortexa9_0/libsrc/scuwdt_v2_1/src -s libs  "SHELL=/bin/sh" "COMPILER=arm-none-eabi-gcc" "ARCHIVER=arm-none-eabi-ar" "COMPILER_FLAGS=  -O2 -c" "EXTRA_COMPILER_FLAGS=-mcpu=cortex-a9 -mfpu=vfpv3 -mfloat-abi=hard -nostartfiles -Wall -Wextra"
Compiling scuwdt
Running Make libs in ps7_cortexa9_0/libsrc/uartps_v3_4/src
make -C ps7_cortexa9_0/libsrc/uartps_v3_4/src -s libs  "SHELL=/bin/sh" "COMPILER=arm-none-eabi-gcc" "ARCHIVER=arm-none-eabi-ar" "COMPILER_FLAGS=  -O2 -c" "EXTRA_COMPILER_FLAGS=-mcpu=cortex-a9 -mfpu=vfpv3 -mfloat-abi=hard -nostartfiles -Wall -Wextra"
Compiling uartps
Running Make libs in ps7_cortexa9_0/libsrc/coresightps_dcc_v1_4/src
make -C ps7_cortexa9_0/libsrc/coresightps_dcc_v1_4/src -s libs  "SHELL=/bin/sh" "COMPILER=arm-none-eabi-gcc" "ARCHIVER=arm-none-eabi-ar" "COMPILER_FLAGS=  -O2 -c" "EXTRA_COMPILER_FLAGS=-mcpu=cortex-a9 -mfpu=vfpv3 -mfloat-abi=hard -nostartfiles -Wall -Wextra"
Compiling coresightps_dcc
Running Make libs in ps7_cortexa9_0/libsrc/scutimer_v2_1/src
make -C ps7_cortexa9_0/libsrc/scutimer_v2_1/src -s libs  "SHELL=/bin/sh" "COMPILER=arm-none-eabi-gcc" "ARCHIVER=arm-none-eabi-ar" "COMPILER_FLAGS=  -O2 -c" "EXTRA_COMPILER_FLAGS=-mcpu=cortex-a9 -mfpu=vfpv3 -mfloat-abi=hard -nostartfiles -Wall -Wextra"
Compiling scutimer
Finished building libraries

**** Build of configuration Debug for project PSPL_Basic_SDK ****

Nothing to build for project PSPL_Basic_SDK
13:19:47 **** Auto Build of configuration Debug for project PSPL_Basic_SDK ****
make pre-build main-build 
a9-linaro-pre-build-step
 
Building file: ../src/main.c
Invoking: ARM v7 gcc compiler
arm-none-eabi-gcc -Wall -O0 -g3 -c -fmessage-length=0 -MT"src/main.o" -mcpu=cortex-a9 -mfpu=vfpv3 -mfloat-abi=hard -I../../PSPL_Basic_SDK_bsp/ps7_cortexa9_0/include -MMD -MP -MF"src/main.d" -MT"src/main.o" -o "src/main.o" "../src/main.c"
Finished building: ../src/main.c
 
Building target: PSPL_Basic_SDK.elf
Invoking: ARM v7 gcc linker
arm-none-eabi-gcc -mcpu=cortex-a9 -mfpu=vfpv3 -mfloat-abi=hard -Wl,-build-id=none -specs=Xilinx.spec -Wl,-T -Wl,../src/lscript.ld -L../../PSPL_Basic_SDK_bsp/ps7_cortexa9_0/lib -o "PSPL_Basic_SDK.elf"  ./src/main.o   -Wl,--start-group,-lxil,-lgcc,-lc,--end-group
../../PSPL_Basic_SDK_bsp/ps7_cortexa9_0/lib/libxil.a(xil-crt0.o): 於函式 _start:
xil-crt0.S:(.text+0x68): 未定義參考到「main」
collect2: error: ld returned 1 exit status
makefile:39: recipe for target 'PSPL_Basic_SDK.elf' failed
make: *** [PSPL_Basic_SDK.elf] Error 1
13:24:54 **** Auto Build of configuration Debug for project PSPL_Basic_SDK ****
make pre-build main-build 
a9-linaro-pre-build-step
 
Building file: ../src/main.c
Invoking: ARM v7 gcc compiler
arm-none-eabi-gcc -Wall -O0 -g3 -c -fmessage-length=0 -MT"src/main.o" -mcpu=cortex-a9 -mfpu=vfpv3 -mfloat-abi=hard -I../../PSPL_Basic_SDK_bsp/ps7_cortexa9_0/include -MMD -MP -MF"src/main.d" -MT"src/main.o" -o "src/main.o" "../src/main.c"
../src/main.c:2:22: fatal error: platform.h: No such file or directory
 #include "platform.h"
                      ^
compilation terminated.
src/subdir.mk:21: recipe for target 'src/main.o' failed
make: *** [src/main.o] Error 1
13:26:40 **** Auto Build of configuration Debug for project PSPL_Basic_SDK ****
make pre-build main-build 
a9-linaro-pre-build-step
 
Building file: ../src/main.c
Invoking: ARM v7 gcc compiler
arm-none-eabi-gcc -Wall -O0 -g3 -c -fmessage-length=0 -MT"src/main.o" -mcpu=cortex-a9 -mfpu=vfpv3 -mfloat-abi=hard -I../../PSPL_Basic_SDK_bsp/ps7_cortexa9_0/include -MMD -MP -MF"src/main.d" -MT"src/main.o" -o "src/main.o" "../src/main.c"
In file included from ../src/main.c:3:0:
../../PSPL_Basic_SDK_bsp/ps7_cortexa9_0/include/xbasic_types.h:115:2: warning: #warning The xbasics_type.h file is deprecated and users should use xil_types.h and xil_assert. [-Wcpp]
 #warning  The xbasics_type.h file is deprecated and users should use xil_types.h and xil_assert.
  ^~~~~~~
../../PSPL_Basic_SDK_bsp/ps7_cortexa9_0/include/xbasic_types.h:116:2: warning: #warning Please refer the Standalone BSP UG647 for further details [-Wcpp]
 #warning  Please refer the Standalone BSP UG647 for further details
  ^~~~~~~
../src/main.c: In function 'main':
../src/main.c:13:12: error: 'XPAR_TESTMYIP01_0_S00_AXI_BASEADDR' undeclared (first use in this function)
  Xil_Out32(XPAR_TESTMYIP01_0_S00_AXI_BASEADDR, 0x00000703);
            ^~~~~~~~~~~~~~~~~~~~~~~~~~~~~~~~~~
../src/main.c:13:12: note: each undeclared identifier is reported only once for each function it appears in
../src/main.c:19:2: warning: implicit declaration of function 'printf' [-Wimplicit-function-declaration]
  printf("Output took %llu clock cycles.\n", 2*(tEnd - tStart));
  ^~~~~~
../src/main.c:19:2: warning: incompatible implicit declaration of built-in function 'printf'
../src/main.c:19:2: note: include '<stdio.h>' or provide a declaration of 'printf'
make: *** [src/main.o] Error 1
src/subdir.mk:21: recipe for target 'src/main.o' failed
13:27:16 **** Auto Build of configuration Debug for project PSPL_Basic_SDK ****
make pre-build main-build 
a9-linaro-pre-build-step
 
Building file: ../src/main.c
Invoking: ARM v7 gcc compiler
arm-none-eabi-gcc -Wall -O0 -g3 -c -fmessage-length=0 -MT"src/main.o" -mcpu=cortex-a9 -mfpu=vfpv3 -mfloat-abi=hard -I../../PSPL_Basic_SDK_bsp/ps7_cortexa9_0/include -MMD -MP -MF"src/main.d" -MT"src/main.o" -o "src/main.o" "../src/main.c"
In file included from ../src/main.c:3:0:
../../PSPL_Basic_SDK_bsp/ps7_cortexa9_0/include/xbasic_types.h:115:2: warning: #warning The xbasics_type.h file is deprecated and users should use xil_types.h and xil_assert. [-Wcpp]
 #warning  The xbasics_type.h file is deprecated and users should use xil_types.h and xil_assert.
  ^~~~~~~
../../PSPL_Basic_SDK_bsp/ps7_cortexa9_0/include/xbasic_types.h:116:2: warning: #warning Please refer the Standalone BSP UG647 for further details [-Wcpp]
 #warning  Please refer the Standalone BSP UG647 for further details
  ^~~~~~~
../src/main.c: In function 'main':
../src/main.c:13:12: error: 'XPAR_TESTMYIP01_0_S00_AXI_BASEADDR' undeclared (first use in this function)
src/subdir.mk:21: recipe for target 'src/main.o' failed
  Xil_Out32(XPAR_TESTMYIP01_0_S00_AXI_BASEADDR, 0x00000703);
            ^~~~~~~~~~~~~~~~~~~~~~~~~~~~~~~~~~
../src/main.c:13:12: note: each undeclared identifier is reported only once for each function it appears in
../src/main.c:19:2: warning: implicit declaration of function 'printf' [-Wimplicit-function-declaration]
  printf("Output took %llu clock cycles.\n", 2*(tEnd - tStart));
  ^~~~~~
../src/main.c:19:2: warning: incompatible implicit declaration of built-in function 'printf'
../src/main.c:19:2: note: include '<stdio.h>' or provide a declaration of 'printf'
make: *** [src/main.o] Error 1
13:29:21 **** Auto Build of configuration Debug for project PSPL_Basic_SDK ****
make pre-build main-build 
a9-linaro-pre-build-step
 
Building file: ../src/main.c
Invoking: ARM v7 gcc compiler
arm-none-eabi-gcc -Wall -O0 -g3 -c -fmessage-length=0 -MT"src/main.o" -mcpu=cortex-a9 -mfpu=vfpv3 -mfloat-abi=hard -I../../PSPL_Basic_SDK_bsp/ps7_cortexa9_0/include -MMD -MP -MF"src/main.d" -MT"src/main.o" -o "src/main.o" "../src/main.c"
In file included from ../src/main.c:3:0:
../../PSPL_Basic_SDK_bsp/ps7_cortexa9_0/include/xbasic_types.h:115:2: warning: #warning The xbasics_type.h file is deprecated and users should use xil_types.h and xil_assert. [-Wcpp]
 #warning  The xbasics_type.h file is deprecated and users should use xil_types.h and xil_assert.
  ^~~~~~~
../../PSPL_Basic_SDK_bsp/ps7_cortexa9_0/include/xbasic_types.h:116:2: warning: #warning Please refer the Standalone BSP UG647 for further details [-Wcpp]
 #warning  Please refer the Standalone BSP UG647 for further details
  ^~~~~~~
../src/main.c: In function 'main':
../src/main.c:13:2: warning: implicit declaration of function 'printf' [-Wimplicit-function-declaration]
  printf("Output took %llu clock cycles.\n", 2*(tEnd - tStart));
  ^~~~~~
../src/main.c:13:2: warning: incompatible implicit declaration of built-in function 'printf'
../src/main.c:13:2: note: include '<stdio.h>' or provide a declaration of 'printf'
../src/main.c:12:2: warning: 'adder_out' is used uninitialized in this function [-Wuninitialized]
  xil_printf("adder_out = %d\n", adder_out);
  ^~~~~~~~~~~~~~~~~~~~~~~~~~~~~~~~~~~~~~~~~
../src/main.c:13:53: warning: 'tEnd' is used uninitialized in this function [-Wuninitialized]
  printf("Output took %llu clock cycles.\n", 2*(tEnd - tStart));
                                               ~~~~~~^~~~~~~~~
../src/main.c:13:53: warning: 'tStart' is used uninitialized in this function [-Wuninitialized]
Finished building: ../src/main.c
 
Building target: PSPL_Basic_SDK.elf
Invoking: ARM v7 gcc linker
arm-none-eabi-gcc -mcpu=cortex-a9 -mfpu=vfpv3 -mfloat-abi=hard -Wl,-build-id=none -specs=Xilinx.spec -Wl,-T -Wl,../src/lscript.ld -L../../PSPL_Basic_SDK_bsp/ps7_cortexa9_0/lib -o "PSPL_Basic_SDK.elf"  ./src/main.o   -Wl,--start-group,-lxil,-lgcc,-lc,--end-group
Finished building target: PSPL_Basic_SDK.elf
 
Invoking: ARM v7 Print Size
arm-none-eabi-size PSPL_Basic_SDK.elf  |tee "PSPL_Basic_SDK.elf.size"
   text	   data	    bss	    dec	    hex	filename
  74252	   2580	  23328	 100160	  18740	PSPL_Basic_SDK.elf
Finished building: PSPL_Basic_SDK.elf.size
 
13:29:25 **** Auto Build of configuration Debug for project PSPL_Basic_SDK ****
make pre-build main-build 
a9-linaro-pre-build-step
 
Building file: ../src/main.c
Invoking: ARM v7 gcc compiler
arm-none-eabi-gcc -Wall -O0 -g3 -c -fmessage-length=0 -MT"src/main.o" -mcpu=cortex-a9 -mfpu=vfpv3 -mfloat-abi=hard -I../../PSPL_Basic_SDK_bsp/ps7_cortexa9_0/include -MMD -MP -MF"src/main.d" -MT"src/main.o" -o "src/main.o" "../src/main.c"
In file included from ../src/main.c:3:0:
../../PSPL_Basic_SDK_bsp/ps7_cortexa9_0/include/xbasic_types.h:115:2: warning: #warning The xbasics_type.h file is deprecated and users should use xil_types.h and xil_assert. [-Wcpp]
 #warning  The xbasics_type.h file is deprecated and users should use xil_types.h and xil_assert.
  ^~~~~~~
../../PSPL_Basic_SDK_bsp/ps7_cortexa9_0/include/xbasic_types.h:116:2: warning: #warning Please refer the Standalone BSP UG647 for further details [-Wcpp]
 #warning  Please refer the Standalone BSP UG647 for further details
  ^~~~~~~
../src/main.c: In function 'main':
../src/main.c:10:33: error: 'adder_out' undeclared (first use in this function)
  xil_printf("adder_out = %d\n", adder_out);
                                 ^~~~~~~~~
../src/main.c:10:33: note: each undeclared identifier is reported only once for each function it appears in
../src/main.c:11:2: warning: implicit declaration of function 'printf' [-Wimplicit-function-declaration]
  printf("Output took %llu clock cycles.\n", 2*(tEnd - tStart));
  ^~~~~~
../src/main.c:11:2: warning: incompatible implicit declaration of built-in function 'printf'
../src/main.c:11:2: note: include '<stdio.h>' or provide a declaration of 'printf'
../src/main.c:11:48: error: 'tEnd' undeclared (first use in this function)
  printf("Output took %llu clock cycles.\n", 2*(tEnd - tStart));
src/subdir.mk:21: recipe for target 'src/main.o' failed
                                                ^~~~
../src/main.c:11:55: error: 'tStart' undeclared (first use in this function)
  printf("Output took %llu clock cycles.\n", 2*(tEnd - tStart));
                                                       ^~~~~~
make: *** [src/main.o] Error 1
13:30:48 **** Auto Build of configuration Debug for project PSPL_Basic_SDK ****
make pre-build main-build 
a9-linaro-pre-build-step
 
Building file: ../src/main.c
Invoking: ARM v7 gcc compiler
arm-none-eabi-gcc -Wall -O0 -g3 -c -fmessage-length=0 -MT"src/main.o" -mcpu=cortex-a9 -mfpu=vfpv3 -mfloat-abi=hard -I../../PSPL_Basic_SDK_bsp/ps7_cortexa9_0/include -MMD -MP -MF"src/main.d" -MT"src/main.o" -o "src/main.o" "../src/main.c"
../src/main.c:2:22: fatal error: platform.h: No such file or directory
 #include "platform.h"
                      ^
compilation terminated.
make: *** [src/main.o] Error 1
src/subdir.mk:21: recipe for target 'src/main.o' failed
13:31:46 **** Auto Build of configuration Debug for project PSPL_Basic_SDK ****
make pre-build main-build 
a9-linaro-pre-build-step
 
Building file: ../src/main.c
Invoking: ARM v7 gcc compiler
arm-none-eabi-gcc -Wall -O0 -g3 -c -fmessage-length=0 -MT"src/main.o" -mcpu=cortex-a9 -mfpu=vfpv3 -mfloat-abi=hard -I../../PSPL_Basic_SDK_bsp/ps7_cortexa9_0/include -MMD -MP -MF"src/main.d" -MT"src/main.o" -o "src/main.o" "../src/main.c"
../src/main.c: In function 'main':
../src/main.c:29:5: warning: implicit declaration of function 'init_platform' [-Wimplicit-function-declaration]
     init_platform();
     ^~~~~~~~~~~~~
../src/main.c:53:5: warning: implicit declaration of function 'cleanup_platform' [-Wimplicit-function-declaration]
     cleanup_platform();
     ^~~~~~~~~~~~~~~~
Finished building: ../src/main.c
 
Building target: PSPL_Basic_SDK.elf
Invoking: ARM v7 gcc linker
arm-none-eabi-gcc -mcpu=cortex-a9 -mfpu=vfpv3 -mfloat-abi=hard -Wl,-build-id=none -specs=Xilinx.spec -Wl,-T -Wl,../src/lscript.ld -L../../PSPL_Basic_SDK_bsp/ps7_cortexa9_0/lib -o "PSPL_Basic_SDK.elf"  ./src/main.o   -Wl,--start-group,-lxil,-lgcc,-lc,--end-group
./src/main.o: 於函式 main:
/home/anan/git-home/ZedBoard-PS-PL-Basic/PSPL_Basic/PSPL_Basic.sdk/PSPL_Basic_SDK/Debug/../src/main.c:29: 未定義參考到「init_platform」
collect2: error: ld returned 1 exit status
makefile:39: recipe for target 'PSPL_Basic_SDK.elf' failed
make: *** [PSPL_Basic_SDK.elf] Error 1
13:57:02 **** Auto Build of configuration Debug for project PSPL_Basic_SDK ****
make pre-build main-build 
a9-linaro-pre-build-step
 
Building file: ../src/main.c
Invoking: ARM v7 gcc compiler
arm-none-eabi-gcc -Wall -O0 -g3 -c -fmessage-length=0 -MT"src/main.o" -mcpu=cortex-a9 -mfpu=vfpv3 -mfloat-abi=hard -I../../PSPL_Basic_SDK_bsp/ps7_cortexa9_0/include -MMD -MP -MF"src/main.d" -MT"src/main.o" -o "src/main.o" "../src/main.c"
Finished building: ../src/main.c
 
Building target: PSPL_Basic_SDK.elf
Invoking: ARM v7 gcc linker
arm-none-eabi-gcc -mcpu=cortex-a9 -mfpu=vfpv3 -mfloat-abi=hard -Wl,-build-id=none -specs=Xilinx.spec -Wl,-T -Wl,../src/lscript.ld -L../../PSPL_Basic_SDK_bsp/ps7_cortexa9_0/lib -o "PSPL_Basic_SDK.elf"  ./src/main.o   -Wl,--start-group,-lxil,-lgcc,-lc,--end-group
Finished building target: PSPL_Basic_SDK.elf
 
Invoking: ARM v7 Print Size
arm-none-eabi-size PSPL_Basic_SDK.elf  |tee "PSPL_Basic_SDK.elf.size"
   text	   data	    bss	    dec	    hex	filename
  20572	   1164	  22584	  44320	   ad20	PSPL_Basic_SDK.elf
Finished building: PSPL_Basic_SDK.elf.size
 
18:52:36 **** Incremental Build of configuration Debug for project PSPL_Basic_SDK ****
make pre-build main-build 
a9-linaro-pre-build-step
 
make: Nothing to be done for 'main-build'.
18:52:37 **** Auto Build of configuration Debug for project PSPL_Basic_SDK ****
make pre-build main-build 
a9-linaro-pre-build-step
 
make: Nothing to be done for 'main-build'.
19:13:33 **** Auto Build of configuration Debug for project PSPL_Basic_SDK ****
make pre-build main-build 
a9-linaro-pre-build-step
 
Building file: ../src/main.c
Invoking: ARM v7 gcc compiler
arm-none-eabi-gcc -Wall -O0 -g3 -c -fmessage-length=0 -MT"src/main.o" -mcpu=cortex-a9 -mfpu=vfpv3 -mfloat-abi=hard -I../../PSPL_Basic_SDK_bsp/ps7_cortexa9_0/include -MMD -MP -MF"src/main.d" -MT"src/main.o" -o "src/main.o" "../src/main.c"
Finished building: ../src/main.c
 
Building target: PSPL_Basic_SDK.elf
Invoking: ARM v7 gcc linker
arm-none-eabi-gcc -mcpu=cortex-a9 -mfpu=vfpv3 -mfloat-abi=hard -Wl,-build-id=none -specs=Xilinx.spec -Wl,-T -Wl,../src/lscript.ld -L../../PSPL_Basic_SDK_bsp/ps7_cortexa9_0/lib -o "PSPL_Basic_SDK.elf"  ./src/main.o   -Wl,--start-group,-lxil,-lgcc,-lc,--end-group
Finished building target: PSPL_Basic_SDK.elf
 
Invoking: ARM v7 Print Size
arm-none-eabi-size PSPL_Basic_SDK.elf  |tee "PSPL_Basic_SDK.elf.size"
   text	   data	    bss	    dec	    hex	filename
  20572	   1164	  22584	  44320	   ad20	PSPL_Basic_SDK.elf
Finished building: PSPL_Basic_SDK.elf.size
 
19:18:54 **** Auto Build of configuration Debug for project PSPL_Basic_SDK ****
make pre-build main-build 
a9-linaro-pre-build-step
 
Building file: ../src/main.c
Invoking: ARM v7 gcc compiler
arm-none-eabi-gcc -Wall -O0 -g3 -c -fmessage-length=0 -MT"src/main.o" -mcpu=cortex-a9 -mfpu=vfpv3 -mfloat-abi=hard -I../../PSPL_Basic_SDK_bsp/ps7_cortexa9_0/include -MMD -MP -MF"src/main.d" -MT"src/main.o" -o "src/main.o" "../src/main.c"
Finished building: ../src/main.c
 
Building target: PSPL_Basic_SDK.elf
Invoking: ARM v7 gcc linker
arm-none-eabi-gcc -mcpu=cortex-a9 -mfpu=vfpv3 -mfloat-abi=hard -Wl,-build-id=none -specs=Xilinx.spec -Wl,-T -Wl,../src/lscript.ld -L../../PSPL_Basic_SDK_bsp/ps7_cortexa9_0/lib -o "PSPL_Basic_SDK.elf"  ./src/main.o   -Wl,--start-group,-lxil,-lgcc,-lc,--end-group
Finished building target: PSPL_Basic_SDK.elf
 
Invoking: ARM v7 Print Size
arm-none-eabi-size PSPL_Basic_SDK.elf  |tee "PSPL_Basic_SDK.elf.size"
   text	   data	    bss	    dec	    hex	filename
  20572	   1164	  22584	  44320	   ad20	PSPL_Basic_SDK.elf
Finished building: PSPL_Basic_SDK.elf.size
 
19:20:07 **** Auto Build of configuration Debug for project PSPL_Basic_SDK ****
make pre-build main-build 
a9-linaro-pre-build-step
 
Building file: ../src/main.c
Invoking: ARM v7 gcc compiler
arm-none-eabi-gcc -Wall -O0 -g3 -c -fmessage-length=0 -MT"src/main.o" -mcpu=cortex-a9 -mfpu=vfpv3 -mfloat-abi=hard -I../../PSPL_Basic_SDK_bsp/ps7_cortexa9_0/include -MMD -MP -MF"src/main.d" -MT"src/main.o" -o "src/main.o" "../src/main.c"
Finished building: ../src/main.c
 
Building target: PSPL_Basic_SDK.elf
Invoking: ARM v7 gcc linker
arm-none-eabi-gcc -mcpu=cortex-a9 -mfpu=vfpv3 -mfloat-abi=hard -Wl,-build-id=none -specs=Xilinx.spec -Wl,-T -Wl,../src/lscript.ld -L../../PSPL_Basic_SDK_bsp/ps7_cortexa9_0/lib -o "PSPL_Basic_SDK.elf"  ./src/main.o   -Wl,--start-group,-lxil,-lgcc,-lc,--end-group
Finished building target: PSPL_Basic_SDK.elf
 
Invoking: ARM v7 Print Size
arm-none-eabi-size PSPL_Basic_SDK.elf  |tee "PSPL_Basic_SDK.elf.size"
   text	   data	    bss	    dec	    hex	filename
  20572	   1164	  22584	  44320	   ad20	PSPL_Basic_SDK.elf
Finished building: PSPL_Basic_SDK.elf.size
 
19:20:14 **** Auto Build of configuration Debug for project PSPL_Basic_SDK ****
make pre-build main-build 
a9-linaro-pre-build-step
 
Building file: ../src/main.c
Invoking: ARM v7 gcc compiler
arm-none-eabi-gcc -Wall -O0 -g3 -c -fmessage-length=0 -MT"src/main.o" -mcpu=cortex-a9 -mfpu=vfpv3 -mfloat-abi=hard -I../../PSPL_Basic_SDK_bsp/ps7_cortexa9_0/include -MMD -MP -MF"src/main.d" -MT"src/main.o" -o "src/main.o" "../src/main.c"
../src/main.c: In function 'main':
../src/main.c:22:35: error: 'AXI_GPIO_DEVICE_ID' undeclared (first use in this function)
     XGpioCfg = XGpio_LookupConfig(AXI_GPIO_DEVICE_ID);
                                   ^~~~~~~~~~~~~~~~~~
../src/main.c:22:35: note: each undeclared identifier is reported only once for each function it appears in
../src/main.c:28:36: error: 'XGPIO_BANK1' undeclared (first use in this function)
     XGpio_SetDataDirection(&XGpio, XGPIO_BANK1, ~(LED34_R_PIN | LED34_G_PIN | LED34_B_PIN));
                                    ^~~~~~~~~~~
../src/main.c:28:51: error: 'LED34_R_PIN' undeclared (first use in this function)
     XGpio_SetDataDirection(&XGpio, XGPIO_BANK1, ~(LED34_R_PIN | LED34_G_PIN | LED34_B_PIN));
                                                   ^~~~~~~~~~~
../src/main.c:28:65: error: 'LED34_G_PIN' undeclared (first use in this function)
     XGpio_SetDataDirection(&XGpio, XGPIO_BANK1, ~(LED34_R_PIN | LED34_G_PIN | LED34_B_PIN));
                                                                 ^~~~~~~~~~~
../src/main.c:28:79: error: 'LED34_B_PIN' undeclared (first use in this function)
src/subdir.mk:21: recipe for target 'src/main.o' failed
     XGpio_SetDataDirection(&XGpio, XGPIO_BANK1, ~(LED34_R_PIN | LED34_G_PIN | LED34_B_PIN));
                                                                               ^~~~~~~~~~~
make: *** [src/main.o] Error 1
19:20:20 **** Auto Build of configuration Debug for project PSPL_Basic_SDK ****
make pre-build main-build 
a9-linaro-pre-build-step
 
Building file: ../src/main.c
Invoking: ARM v7 gcc compiler
arm-none-eabi-gcc -Wall -O0 -g3 -c -fmessage-length=0 -MT"src/main.o" -mcpu=cortex-a9 -mfpu=vfpv3 -mfloat-abi=hard -I../../PSPL_Basic_SDK_bsp/ps7_cortexa9_0/include -MMD -MP -MF"src/main.d" -MT"src/main.o" -o "src/main.o" "../src/main.c"
../src/main.c: In function 'main':
../src/main.c:22:35: error: 'AXI_GPIO_DEVICE_ID' undeclared (first use in this function)
     XGpioCfg = XGpio_LookupConfig(AXI_GPIO_DEVICE_ID);
                                   ^~~~~~~~~~~~~~~~~~
../src/main.c:22:35: note: each undeclared identifier is reported only once for each function it appears in
../src/main.c:28:36: error: 'XGPIO_BANK1' undeclared (first use in this function)
     XGpio_SetDataDirection(&XGpio, XGPIO_BANK1, ~(LED34_R_PIN | LED34_G_PIN | LED34_B_PIN));
                                    ^~~~~~~~~~~
../src/main.c:28:51: error: 'LED34_R_PIN' undeclared (first use in this function)
     XGpio_SetDataDirection(&XGpio, XGPIO_BANK1, ~(LED34_R_PIN | LED34_G_PIN | LED34_B_PIN));
                                                   ^~~~~~~~~~~
../src/main.c:28:65: error: 'LED34_G_PIN' undeclared (first use in this function)
     XGpio_SetDataDirection(&XGpio, XGPIO_BANK1, ~(LED34_R_PIN | LED34_G_PIN | LED34_B_PIN));
                                                                 ^~~~~~~~~~~
../src/main.c:28:79: error: 'LED34_B_PIN' undeclared (first use in this function)
     XGpio_SetDataDirection(&XGpio, XGPIO_BANK1, ~(LED34_R_PIN | LED34_G_PIN | LED34_B_PIN));
src/subdir.mk:21: recipe for target 'src/main.o' failed
                                                                               ^~~~~~~~~~~
make: *** [src/main.o] Error 1
19:20:33 **** Auto Build of configuration Debug for project PSPL_Basic_SDK ****
make pre-build main-build 
a9-linaro-pre-build-step
 
Building file: ../src/main.c
Invoking: ARM v7 gcc compiler
arm-none-eabi-gcc -Wall -O0 -g3 -c -fmessage-length=0 -MT"src/main.o" -mcpu=cortex-a9 -mfpu=vfpv3 -mfloat-abi=hard -I../../PSPL_Basic_SDK_bsp/ps7_cortexa9_0/include -MMD -MP -MF"src/main.d" -MT"src/main.o" -o "src/main.o" "../src/main.c"
../src/main.c: In function 'main':
../src/main.c:21:5: error: 'XGpioCfg' undeclared (first use in this function)
     XGpioCfg = XGpio_LookupConfig(AXI_GPIO_DEVICE_ID);
     ^~~~~~~~
../src/main.c:21:5: note: each undeclared identifier is reported only once for each function it appears in
../src/main.c:21:35: error: 'AXI_GPIO_DEVICE_ID' undeclared (first use in this function)
     XGpioCfg = XGpio_LookupConfig(AXI_GPIO_DEVICE_ID);
                                   ^~~~~~~~~~~~~~~~~~
../src/main.c:22:35: error: expected expression before 'XGpio'
     Status = XGpio_CfgInitialize(&XGpio, XGpioCfg, XGpioCfg->BaseAddress);
                                   ^~~~~
../src/main.c:22:14: error: too few arguments to function 'XGpio_CfgInitialize'
     Status = XGpio_CfgInitialize(&XGpio, XGpioCfg, XGpioCfg->BaseAddress);
              ^~~~~~~~~~~~~~~~~~~
In file included from ../src/main.c:4:0:
../../PSPL_Basic_SDK_bsp/ps7_cortexa9_0/include/xgpio.h:178:5: note: declared here
 int XGpio_CfgInitialize(XGpio *InstancePtr, XGpio_Config * Config,
     ^~~~~~~~~~~~~~~~~~~
../src/main.c:27:29: error: expected expression before 'XGpio'
     XGpio_SetDataDirection(&XGpio, XGPIO_BANK1, ~(LED34_R_PIN | LED34_G_PIN | LED34_B_PIN));
                             ^~~~~
../src/main.c:27:5: error: too few arguments to function 'XGpio_SetDataDirection'
     XGpio_SetDataDirection(&XGpio, XGPIO_BANK1, ~(LED34_R_PIN | LED34_G_PIN | LED34_B_PIN));
     ^~~~~~~~~~~~~~~~~~~~~~
In file included from ../src/main.c:4:0:
../../PSPL_Basic_SDK_bsp/ps7_cortexa9_0/include/xgpio.h:180:6: note: declared here
 void XGpio_SetDataDirection(XGpio *InstancePtr, unsigned Channel,
      ^~~~~~~~~~~~~~~~~~~~~~
../src/main.c:28:26: error: expected expression before 'XGpio'
     XGpio_DiscreteWrite(&XGpio, XGPIO_BANK1, LED34_R_PIN | LED34_G_PIN | LED34_B_PIN);
                          ^~~~~
../src/main.c:28:5: error: too few arguments to function 'XGpio_DiscreteWrite'
     XGpio_DiscreteWrite(&XGpio, XGPIO_BANK1, LED34_R_PIN | LED34_G_PIN | LED34_B_PIN);
     ^~~~~~~~~~~~~~~~~~~
In file included from ../src/main.c:4:0:
../../PSPL_Basic_SDK_bsp/ps7_cortexa9_0/include/xgpio.h:184:6: note: declared here
 void XGpio_DiscreteWrite(XGpio *InstancePtr, unsigned Channel, u32 Mask);
      ^~~~~~~~~~~~~~~~~~~
../src/main.c:30:30: error: expected expression before 'XGpio'
         XGpio_DiscreteWrite(&XGpio, XGPIO_BANK1, ~LED34_R_PIN);
                              ^~~~~
../src/main.c:30:9: error: too few arguments to function 'XGpio_DiscreteWrite'
         XGpio_DiscreteWrite(&XGpio, XGPIO_BANK1, ~LED34_R_PIN);
         ^~~~~~~~~~~~~~~~~~~
In file included from ../src/main.c:4:0:
../../PSPL_Basic_SDK_bsp/ps7_cortexa9_0/include/xgpio.h:184:6: note: declared here
 void XGpio_DiscreteWrite(XGpio *InstancePtr, unsigned Channel, u32 Mask);
      ^~~~~~~~~~~~~~~~~~~
../src/main.c:32:30: error: expected expression before 'XGpio'
         XGpio_DiscreteWrite(&XGpio, XGPIO_BANK1, ~(LED34_R_PIN | LED34_G_PIN));
                              ^~~~~
../src/main.c:32:9: error: too few arguments to function 'XGpio_DiscreteWrite'
         XGpio_DiscreteWrite(&XGpio, XGPIO_BANK1, ~(LED34_R_PIN | LED34_G_PIN));
         ^~~~~~~~~~~~~~~~~~~
In file included from ../src/main.c:4:0:
../../PSPL_Basic_SDK_bsp/ps7_cortexa9_0/include/xgpio.h:184:6: note: declared here
 void XGpio_DiscreteWrite(XGpio *InstancePtr, unsigned Channel, u32 Mask);
      ^~~~~~~~~~~~~~~~~~~
../src/main.c:34:30: error: expected expression before 'XGpio'
         XGpio_DiscreteWrite(&XGpio, XGPIO_BANK1, ~(LED34_R_PIN | LED34_G_PIN | LED34_B_PIN));
                              ^~~~~
../src/main.c:34:9: error: too few arguments to function 'XGpio_DiscreteWrite'
         XGpio_DiscreteWrite(&XGpio, XGPIO_BANK1, ~(LED34_R_PIN | LED34_G_PIN | LED34_B_PIN));
         ^~~~~~~~~~~~~~~~~~~
In file included from ../src/main.c:4:0:
../../PSPL_Basic_SDK_bsp/ps7_cortexa9_0/include/xgpio.h:184:6: note: declared here
 void XGpio_DiscreteWrite(XGpio *InstancePtr, unsigned Channel, u32 Mask);
      ^~~~~~~~~~~~~~~~~~~
../src/main.c:36:30: error: expected expression before 'XGpio'
         XGpio_DiscreteWrite(&XGpio, XGPIO_BANK1, ~(LED34_G_PIN | LED34_B_PIN));
                              ^~~~~
../src/main.c:36:9: error: too few arguments to function 'XGpio_DiscreteWrite'
         XGpio_DiscreteWrite(&XGpio, XGPIO_BANK1, ~(LED34_G_PIN | LED34_B_PIN));
         ^~~~~~~~~~~~~~~~~~~
In file included from ../src/main.c:4:0:
../../PSPL_Basic_SDK_bsp/ps7_cortexa9_0/include/xgpio.h:184:6: note: declared here
 void XGpio_DiscreteWrite(XGpio *InstancePtr, unsigned Channel, u32 Mask);
      ^~~~~~~~~~~~~~~~~~~
../src/main.c:38:30: error: expected expression before 'XGpio'
         XGpio_DiscreteWrite(&XGpio, XGPIO_BANK1, ~(LED34_B_PIN));
                              ^~~~~
../src/main.c:38:9: error: too few arguments to function 'XGpio_DiscreteWrite'
         XGpio_DiscreteWrite(&XGpio, XGPIO_BANK1, ~(LED34_B_PIN));
         ^~~~~~~~~~~~~~~~~~~
In file included from ../src/main.c:4:0:
../../PSPL_Basic_SDK_bsp/ps7_cortexa9_0/include/xgpio.h:184:6: note: declared here
 void XGpio_DiscreteWrite(XGpio *InstancePtr, unsigned Channel, u32 Mask);
      ^~~~~~~~~~~~~~~~~~~
../src/main.c:40:30: error: expected expression before 'XGpio'
         XGpio_DiscreteWrite(&XGpio, XGPIO_BANK1, LED34_R_PIN | LED34_G_PIN | LED34_B_PIN);
                              ^~~~~
../src/main.c:40:9: error: too few arguments to function 'XGpio_DiscreteWrite'
         XGpio_DiscreteWrite(&XGpio, XGPIO_BANK1, LED34_R_PIN | LED34_G_PIN | LED34_B_PIN);
         ^~~~~~~~~~~~~~~~~~~
src/subdir.mk:21: recipe for target 'src/main.o' failed
In file included from ../src/main.c:4:0:
../../PSPL_Basic_SDK_bsp/ps7_cortexa9_0/include/xgpio.h:184:6: note: declared here
 void XGpio_DiscreteWrite(XGpio *InstancePtr, unsigned Channel, u32 Mask);
      ^~~~~~~~~~~~~~~~~~~
../src/main.c:18:11: warning: unused variable 'LED_XGpio' [-Wunused-variable]
     XGpio LED_XGpio;
           ^~~~~~~~~
make: *** [src/main.o] Error 1
19:20:38 **** Auto Build of configuration Debug for project PSPL_Basic_SDK ****
make pre-build main-build 
a9-linaro-pre-build-step
 
Building file: ../src/main.c
Invoking: ARM v7 gcc compiler
arm-none-eabi-gcc -Wall -O0 -g3 -c -fmessage-length=0 -MT"src/main.o" -mcpu=cortex-a9 -mfpu=vfpv3 -mfloat-abi=hard -I../../PSPL_Basic_SDK_bsp/ps7_cortexa9_0/include -MMD -MP -MF"src/main.d" -MT"src/main.o" -o "src/main.o" "../src/main.c"
../src/main.c: In function 'main':
../src/main.c:21:5: error: 'XGpioCfg' undeclared (first use in this function)
     XGpioCfg = XGpio_LookupConfig(AXI_GPIO_DEVICE_ID);
     ^~~~~~~~
../src/main.c:21:5: note: each undeclared identifier is reported only once for each function it appears in
../src/main.c:21:35: error: 'AXI_GPIO_DEVICE_ID' undeclared (first use in this function)
     XGpioCfg = XGpio_LookupConfig(AXI_GPIO_DEVICE_ID);
                                   ^~~~~~~~~~~~~~~~~~
../src/main.c:27:36: error: 'XGPIO_BANK1' undeclared (first use in this function)
     XGpio_SetDataDirection(&XGpio, XGPIO_BANK1, ~(LED34_R_PIN | LED34_G_PIN | LED34_B_PIN));
                                    ^~~~~~~~~~~
../src/main.c:27:51: error: 'LED34_R_PIN' undeclared (first use in this function)
     XGpio_SetDataDirection(&XGpio, XGPIO_BANK1, ~(LED34_R_PIN | LED34_G_PIN | LED34_B_PIN));
                                                   ^~~~~~~~~~~
../src/main.c:27:65: error: 'LED34_G_PIN' undeclared (first use in this function)
src/subdir.mk:21: recipe for target 'src/main.o' failed
     XGpio_SetDataDirection(&XGpio, XGPIO_BANK1, ~(LED34_R_PIN | LED34_G_PIN | LED34_B_PIN));
                                                                 ^~~~~~~~~~~
../src/main.c:27:79: error: 'LED34_B_PIN' undeclared (first use in this function)
     XGpio_SetDataDirection(&XGpio, XGPIO_BANK1, ~(LED34_R_PIN | LED34_G_PIN | LED34_B_PIN));
                                                                               ^~~~~~~~~~~
make: *** [src/main.o] Error 1
19:20:57 **** Auto Build of configuration Debug for project PSPL_Basic_SDK ****
make pre-build main-build 
a9-linaro-pre-build-step
 
Building file: ../src/main.c
Invoking: ARM v7 gcc compiler
arm-none-eabi-gcc -Wall -O0 -g3 -c -fmessage-length=0 -MT"src/main.o" -mcpu=cortex-a9 -mfpu=vfpv3 -mfloat-abi=hard -I../../PSPL_Basic_SDK_bsp/ps7_cortexa9_0/include -MMD -MP -MF"src/main.d" -MT"src/main.o" -o "src/main.o" "../src/main.c"
../src/main.c: In function 'main':
../src/main.c:18:11: warning: unused variable 'XGpio' [-Wunused-variable]
     XGpio XGpio;
           ^~~~~
Finished building: ../src/main.c
 
Building target: PSPL_Basic_SDK.elf
Invoking: ARM v7 gcc linker
arm-none-eabi-gcc -mcpu=cortex-a9 -mfpu=vfpv3 -mfloat-abi=hard -Wl,-build-id=none -specs=Xilinx.spec -Wl,-T -Wl,../src/lscript.ld -L../../PSPL_Basic_SDK_bsp/ps7_cortexa9_0/lib -o "PSPL_Basic_SDK.elf"  ./src/main.o   -Wl,--start-group,-lxil,-lgcc,-lc,--end-group
Finished building target: PSPL_Basic_SDK.elf
 
Invoking: ARM v7 Print Size
arm-none-eabi-size PSPL_Basic_SDK.elf  |tee "PSPL_Basic_SDK.elf.size"
   text	   data	    bss	    dec	    hex	filename
  19164	   1148	  22568	  42880	   a780	PSPL_Basic_SDK.elf
Finished building: PSPL_Basic_SDK.elf.size
 
19:21:30 **** Auto Build of configuration Debug for project PSPL_Basic_SDK ****
make pre-build main-build 
a9-linaro-pre-build-step
 
Building file: ../src/main.c
Invoking: ARM v7 gcc compiler
arm-none-eabi-gcc -Wall -O0 -g3 -c -fmessage-length=0 -MT"src/main.o" -mcpu=cortex-a9 -mfpu=vfpv3 -mfloat-abi=hard -I../../PSPL_Basic_SDK_bsp/ps7_cortexa9_0/include -MMD -MP -MF"src/main.d" -MT"src/main.o" -o "src/main.o" "../src/main.c"
../src/main.c: In function 'main':
../src/main.c:20:23: error: expected expression before ')' token
     XGpio_Initialize(&);
src/subdir.mk:21: recipe for target 'src/main.o' failed
                       ^
../src/main.c:20:5: error: too few arguments to function 'XGpio_Initialize'
     XGpio_Initialize(&);
     ^~~~~~~~~~~~~~~~
In file included from ../src/main.c:4:0:
../../PSPL_Basic_SDK_bsp/ps7_cortexa9_0/include/xgpio.h:172:5: note: declared here
 int XGpio_Initialize(XGpio *InstancePtr, u16 DeviceId);
     ^~~~~~~~~~~~~~~~
../src/main.c:18:11: warning: unused variable 'LED_XGpio' [-Wunused-variable]
     XGpio LED_XGpio;
           ^~~~~~~~~
make: *** [src/main.o] Error 1
19:21:33 **** Auto Build of configuration Debug for project PSPL_Basic_SDK ****
make pre-build main-build 
a9-linaro-pre-build-step
 
Building file: ../src/main.c
Invoking: ARM v7 gcc compiler
arm-none-eabi-gcc -Wall -O0 -g3 -c -fmessage-length=0 -MT"src/main.o" -mcpu=cortex-a9 -mfpu=vfpv3 -mfloat-abi=hard -I../../PSPL_Basic_SDK_bsp/ps7_cortexa9_0/include -MMD -MP -MF"src/main.d" -MT"src/main.o" -o "src/main.o" "../src/main.c"
../src/main.c: In function 'main':
../src/main.c:20:5: error: too few arguments to function 'XGpio_Initialize'
     XGpio_Initialize(&LED_XGpio);
     ^~~~~~~~~~~~~~~~
In file included from ../src/main.c:4:0:
../../PSPL_Basic_SDK_bsp/ps7_cortexa9_0/include/xgpio.h:172:5: note: declared here
 int XGpio_Initialize(XGpio *InstancePtr, u16 DeviceId);
     ^~~~~~~~~~~~~~~~
src/subdir.mk:21: recipe for target 'src/main.o' failed
make: *** [src/main.o] Error 1
19:21:42 **** Auto Build of configuration Debug for project PSPL_Basic_SDK ****
make pre-build main-build 
a9-linaro-pre-build-step
 
Building file: ../src/main.c
Invoking: ARM v7 gcc compiler
arm-none-eabi-gcc -Wall -O0 -g3 -c -fmessage-length=0 -MT"src/main.o" -mcpu=cortex-a9 -mfpu=vfpv3 -mfloat-abi=hard -I../../PSPL_Basic_SDK_bsp/ps7_cortexa9_0/include -MMD -MP -MF"src/main.d" -MT"src/main.o" -o "src/main.o" "../src/main.c"
In file included from ../src/main.c:3:0:
../src/main.c: In function 'main':
../../PSPL_Basic_SDK_bsp/ps7_cortexa9_0/include/xparameters.h:177:34: warning: large integer implicitly truncated to unsigned type [-Woverflow]
 #define XPAR_AXI_GPIO_0_BASEADDR 0x41200000
                                  ^
../src/main.c:20:34: note: in expansion of macro 'XPAR_AXI_GPIO_0_BASEADDR'
     XGpio_Initialize(&LED_XGpio, XPAR_AXI_GPIO_0_BASEADDR);
                                  ^~~~~~~~~~~~~~~~~~~~~~~~
Finished building: ../src/main.c
 
Building target: PSPL_Basic_SDK.elf
Invoking: ARM v7 gcc linker
arm-none-eabi-gcc -mcpu=cortex-a9 -mfpu=vfpv3 -mfloat-abi=hard -Wl,-build-id=none -specs=Xilinx.spec -Wl,-T -Wl,../src/lscript.ld -L../../PSPL_Basic_SDK_bsp/ps7_cortexa9_0/lib -o "PSPL_Basic_SDK.elf"  ./src/main.o   -Wl,--start-group,-lxil,-lgcc,-lc,--end-group
Finished building target: PSPL_Basic_SDK.elf
 
Invoking: ARM v7 Print Size
arm-none-eabi-size PSPL_Basic_SDK.elf  |tee "PSPL_Basic_SDK.elf.size"
   text	   data	    bss	    dec	    hex	filename
  20320	   1164	  22584	  44068	   ac24	PSPL_Basic_SDK.elf
Finished building: PSPL_Basic_SDK.elf.size
 
19:21:44 **** Auto Build of configuration Debug for project PSPL_Basic_SDK ****
make pre-build main-build 
a9-linaro-pre-build-step
 
Building file: ../src/main.c
Invoking: ARM v7 gcc compiler
arm-none-eabi-gcc -Wall -O0 -g3 -c -fmessage-length=0 -MT"src/main.o" -mcpu=cortex-a9 -mfpu=vfpv3 -mfloat-abi=hard -I../../PSPL_Basic_SDK_bsp/ps7_cortexa9_0/include -MMD -MP -MF"src/main.d" -MT"src/main.o" -o "src/main.o" "../src/main.c"
In file included from ../src/main.c:3:0:
../src/main.c: In function 'main':
../../PSPL_Basic_SDK_bsp/ps7_cortexa9_0/include/xparameters.h:177:34: warning: large integer implicitly truncated to unsigned type [-Woverflow]
 #define XPAR_AXI_GPIO_0_BASEADDR 0x41200000
                                  ^
../src/main.c:20:34: note: in expansion of macro 'XPAR_AXI_GPIO_0_BASEADDR'
     XGpio_Initialize(&LED_XGpio, XPAR_AXI_GPIO_0_BASEADDR);
                                  ^~~~~~~~~~~~~~~~~~~~~~~~
Finished building: ../src/main.c
 
Building target: PSPL_Basic_SDK.elf
Invoking: ARM v7 gcc linker
arm-none-eabi-gcc -mcpu=cortex-a9 -mfpu=vfpv3 -mfloat-abi=hard -Wl,-build-id=none -specs=Xilinx.spec -Wl,-T -Wl,../src/lscript.ld -L../../PSPL_Basic_SDK_bsp/ps7_cortexa9_0/lib -o "PSPL_Basic_SDK.elf"  ./src/main.o   -Wl,--start-group,-lxil,-lgcc,-lc,--end-group
Finished building target: PSPL_Basic_SDK.elf
 
Invoking: ARM v7 Print Size
arm-none-eabi-size PSPL_Basic_SDK.elf  |tee "PSPL_Basic_SDK.elf.size"
   text	   data	    bss	    dec	    hex	filename
  20320	   1164	  22584	  44068	   ac24	PSPL_Basic_SDK.elf
Finished building: PSPL_Basic_SDK.elf.size
 
19:22:15 **** Auto Build of configuration Debug for project PSPL_Basic_SDK ****
make pre-build main-build 
a9-linaro-pre-build-step
 
Building file: ../src/main.c
Invoking: ARM v7 gcc compiler
arm-none-eabi-gcc -Wall -O0 -g3 -c -fmessage-length=0 -MT"src/main.o" -mcpu=cortex-a9 -mfpu=vfpv3 -mfloat-abi=hard -I../../PSPL_Basic_SDK_bsp/ps7_cortexa9_0/include -MMD -MP -MF"src/main.d" -MT"src/main.o" -o "src/main.o" "../src/main.c"
In file included from ../src/main.c:3:0:
../src/main.c: In function 'main':
../../PSPL_Basic_SDK_bsp/ps7_cortexa9_0/include/xparameters.h:177:34: warning: large integer implicitly truncated to unsigned type [-Woverflow]
 #define XPAR_AXI_GPIO_0_BASEADDR 0x41200000
                                  ^
../src/main.c:20:34: note: in expansion of macro 'XPAR_AXI_GPIO_0_BASEADDR'
     XGpio_Initialize(&LED_XGpio, XPAR_AXI_GPIO_0_BASEADDR);
                                  ^~~~~~~~~~~~~~~~~~~~~~~~
../src/main.c:21:5: warning: implicit declaration of function 'XGpio_SetDirection' [-Wimplicit-function-declaration]
     XGpio_SetDirection();
     ^~~~~~~~~~~~~~~~~~
Finished building: ../src/main.c
 
Building target: PSPL_Basic_SDK.elf
Invoking: ARM v7 gcc linker
arm-none-eabi-gcc -mcpu=cortex-a9 -mfpu=vfpv3 -mfloat-abi=hard -Wl,-build-id=none -specs=Xilinx.spec -Wl,-T -Wl,../src/lscript.ld -L../../PSPL_Basic_SDK_bsp/ps7_cortexa9_0/lib -o "PSPL_Basic_SDK.elf"  ./src/main.o   -Wl,--start-group,-lxil,-lgcc,-lc,--end-group
./src/main.o: 於函式 main:
/home/anan/git-home/ZedBoard-PS-PL-Basic/PSPL_Basic/PSPL_Basic.sdk/PSPL_Basic_SDK/Debug/../src/main.c:21: 未定義參考到「XGpio_SetDirection」
makefile:39: recipe for target 'PSPL_Basic_SDK.elf' failed
collect2: error: ld returned 1 exit status
make: *** [PSPL_Basic_SDK.elf] Error 1
19:22:26 **** Auto Build of configuration Debug for project PSPL_Basic_SDK ****
make pre-build main-build 
a9-linaro-pre-build-step
 
Building file: ../src/main.c
Invoking: ARM v7 gcc compiler
arm-none-eabi-gcc -Wall -O0 -g3 -c -fmessage-length=0 -MT"src/main.o" -mcpu=cortex-a9 -mfpu=vfpv3 -mfloat-abi=hard -I../../PSPL_Basic_SDK_bsp/ps7_cortexa9_0/include -MMD -MP -MF"src/main.d" -MT"src/main.o" -o "src/main.o" "../src/main.c"
In file included from ../src/main.c:3:0:
../src/main.c: In function 'main':
../../PSPL_Basic_SDK_bsp/ps7_cortexa9_0/include/xparameters.h:177:34: warning: large integer implicitly truncated to unsigned type [-Woverflow]
 #define XPAR_AXI_GPIO_0_BASEADDR 0x41200000
                                  ^
../src/main.c:20:34: note: in expansion of macro 'XPAR_AXI_GPIO_0_BASEADDR'
     XGpio_Initialize(&LED_XGpio, XPAR_AXI_GPIO_0_BASEADDR);
                                  ^~~~~~~~~~~~~~~~~~~~~~~~
../src/main.c:21:5: warning: implicit declaration of function 'XGpio_SetDirection' [-Wimplicit-function-declaration]
     XGpio_SetDirection(&LED_XGpio, 1, 0);
     ^~~~~~~~~~~~~~~~~~
Finished building: ../src/main.c
 
Building target: PSPL_Basic_SDK.elf
Invoking: ARM v7 gcc linker
arm-none-eabi-gcc -mcpu=cortex-a9 -mfpu=vfpv3 -mfloat-abi=hard -Wl,-build-id=none -specs=Xilinx.spec -Wl,-T -Wl,../src/lscript.ld -L../../PSPL_Basic_SDK_bsp/ps7_cortexa9_0/lib -o "PSPL_Basic_SDK.elf"  ./src/main.o   -Wl,--start-group,-lxil,-lgcc,-lc,--end-group
./src/main.o: 於函式 main:
/home/anan/git-home/ZedBoard-PS-PL-Basic/PSPL_Basic/PSPL_Basic.sdk/PSPL_Basic_SDK/Debug/../src/main.c:21: 未定義參考到「XGpio_SetDirection」
collect2: error: ld returned 1 exit status
makefile:39: recipe for target 'PSPL_Basic_SDK.elf' failed
make: *** [PSPL_Basic_SDK.elf] Error 1
19:22:35 **** Auto Build of configuration Debug for project PSPL_Basic_SDK ****
make pre-build main-build 
a9-linaro-pre-build-step
 
Building file: ../src/main.c
Invoking: ARM v7 gcc compiler
arm-none-eabi-gcc -Wall -O0 -g3 -c -fmessage-length=0 -MT"src/main.o" -mcpu=cortex-a9 -mfpu=vfpv3 -mfloat-abi=hard -I../../PSPL_Basic_SDK_bsp/ps7_cortexa9_0/include -MMD -MP -MF"src/main.d" -MT"src/main.o" -o "src/main.o" "../src/main.c"
In file included from ../src/main.c:3:0:
../src/main.c: In function 'main':
../../PSPL_Basic_SDK_bsp/ps7_cortexa9_0/include/xparameters.h:177:34: warning: large integer implicitly truncated to unsigned type [-Woverflow]
 #define XPAR_AXI_GPIO_0_BASEADDR 0x41200000
                                  ^
../src/main.c:20:34: note: in expansion of macro 'XPAR_AXI_GPIO_0_BASEADDR'
     XGpio_Initialize(&LED_XGpio, XPAR_AXI_GPIO_0_BASEADDR);
                                  ^~~~~~~~~~~~~~~~~~~~~~~~
Finished building: ../src/main.c
 
Building target: PSPL_Basic_SDK.elf
Invoking: ARM v7 gcc linker
arm-none-eabi-gcc -mcpu=cortex-a9 -mfpu=vfpv3 -mfloat-abi=hard -Wl,-build-id=none -specs=Xilinx.spec -Wl,-T -Wl,../src/lscript.ld -L../../PSPL_Basic_SDK_bsp/ps7_cortexa9_0/lib -o "PSPL_Basic_SDK.elf"  ./src/main.o   -Wl,--start-group,-lxil,-lgcc,-lc,--end-group
Finished building target: PSPL_Basic_SDK.elf
 
Invoking: ARM v7 Print Size
arm-none-eabi-size PSPL_Basic_SDK.elf  |tee "PSPL_Basic_SDK.elf.size"
   text	   data	    bss	    dec	    hex	filename
  20340	   1164	  22584	  44088	   ac38	PSPL_Basic_SDK.elf
Finished building: PSPL_Basic_SDK.elf.size
 
19:22:45 **** Auto Build of configuration Debug for project PSPL_Basic_SDK ****
make pre-build main-build 
a9-linaro-pre-build-step
 
Building file: ../src/main.c
Invoking: ARM v7 gcc compiler
arm-none-eabi-gcc -Wall -O0 -g3 -c -fmessage-length=0 -MT"src/main.o" -mcpu=cortex-a9 -mfpu=vfpv3 -mfloat-abi=hard -I../../PSPL_Basic_SDK_bsp/ps7_cortexa9_0/include -MMD -MP -MF"src/main.d" -MT"src/main.o" -o "src/main.o" "../src/main.c"
In file included from ../src/main.c:3:0:
../src/main.c: In function 'main':
../../PSPL_Basic_SDK_bsp/ps7_cortexa9_0/include/xparameters.h:177:34: warning: large integer implicitly truncated to unsigned type [-Woverflow]
 #define XPAR_AXI_GPIO_0_BASEADDR 0x41200000
                                  ^
../src/main.c:20:34: note: in expansion of macro 'XPAR_AXI_GPIO_0_BASEADDR'
     XGpio_Initialize(&LED_XGpio, XPAR_AXI_GPIO_0_BASEADDR);
                                  ^~~~~~~~~~~~~~~~~~~~~~~~
../src/main.c:23:5: error: too few arguments to function 'printf'
     printf();
     ^~~~~~
In file included from /opt/Xilinx/SDK/2017.3/gnu/aarch32/lin/gcc-arm-none-eabi/arm-none-eabi/libc/usr/include/stdio.h:29:0,
                 from ../src/main.c:1:
/opt/Xilinx/SDK/2017.3/gnu/aarch32/lin/gcc-arm-none-eabi/arm-none-eabi/libc/usr/include/stdio.h:181:5: note: declared here
src/subdir.mk:21: recipe for target 'src/main.o' failed
 int _EXFUN(printf, (const char *__restrict, ...)
     ^
make: *** [src/main.o] Error 1
19:23:16 **** Auto Build of configuration Debug for project PSPL_Basic_SDK ****
make pre-build main-build 
a9-linaro-pre-build-step
 
Building file: ../src/main.c
Invoking: ARM v7 gcc compiler
arm-none-eabi-gcc -Wall -O0 -g3 -c -fmessage-length=0 -MT"src/main.o" -mcpu=cortex-a9 -mfpu=vfpv3 -mfloat-abi=hard -I../../PSPL_Basic_SDK_bsp/ps7_cortexa9_0/include -MMD -MP -MF"src/main.d" -MT"src/main.o" -o "src/main.o" "../src/main.c"
In file included from ../src/main.c:3:0:
../src/main.c: In function 'main':
../../PSPL_Basic_SDK_bsp/ps7_cortexa9_0/include/xparameters.h:177:34: warning: large integer implicitly truncated to unsigned type [-Woverflow]
 #define XPAR_AXI_GPIO_0_BASEADDR 0x41200000
                                  ^
../src/main.c:20:34: note: in expansion of macro 'XPAR_AXI_GPIO_0_BASEADDR'
     XGpio_Initialize(&LED_XGpio, XPAR_AXI_GPIO_0_BASEADDR);
                                  ^~~~~~~~~~~~~~~~~~~~~~~~
Finished building: ../src/main.c
 
Building target: PSPL_Basic_SDK.elf
Invoking: ARM v7 gcc linker
arm-none-eabi-gcc -mcpu=cortex-a9 -mfpu=vfpv3 -mfloat-abi=hard -Wl,-build-id=none -specs=Xilinx.spec -Wl,-T -Wl,../src/lscript.ld -L../../PSPL_Basic_SDK_bsp/ps7_cortexa9_0/lib -o "PSPL_Basic_SDK.elf"  ./src/main.o   -Wl,--start-group,-lxil,-lgcc,-lc,--end-group
Finished building target: PSPL_Basic_SDK.elf
 
Invoking: ARM v7 Print Size
arm-none-eabi-size PSPL_Basic_SDK.elf  |tee "PSPL_Basic_SDK.elf.size"
   text	   data	    bss	    dec	    hex	filename
  72640	   2600	  23344	  98584	  18118	PSPL_Basic_SDK.elf
Finished building: PSPL_Basic_SDK.elf.size
 
19:23:44 **** Auto Build of configuration Debug for project PSPL_Basic_SDK ****
make pre-build main-build 
a9-linaro-pre-build-step
 
Building file: ../src/main.c
Invoking: ARM v7 gcc compiler
arm-none-eabi-gcc -Wall -O0 -g3 -c -fmessage-length=0 -MT"src/main.o" -mcpu=cortex-a9 -mfpu=vfpv3 -mfloat-abi=hard -I../../PSPL_Basic_SDK_bsp/ps7_cortexa9_0/include -MMD -MP -MF"src/main.d" -MT"src/main.o" -o "src/main.o" "../src/main.c"
In file included from ../src/main.c:3:0:
../src/main.c: In function 'main':
../../PSPL_Basic_SDK_bsp/ps7_cortexa9_0/include/xparameters.h:177:34: warning: large integer implicitly truncated to unsigned type [-Woverflow]
 #define XPAR_AXI_GPIO_0_BASEADDR 0x41200000
                                  ^
../src/main.c:21:34: note: in expansion of macro 'XPAR_AXI_GPIO_0_BASEADDR'
     XGpio_Initialize(&LED_XGpio, XPAR_AXI_GPIO_0_BASEADDR);
                                  ^~~~~~~~~~~~~~~~~~~~~~~~
../src/main.c:19:9: warning: unused variable 'led_num' [-Wunused-variable]
     int led_num = 0x03;
         ^~~~~~~
Finished building: ../src/main.c
 
Building target: PSPL_Basic_SDK.elf
Invoking: ARM v7 gcc linker
arm-none-eabi-gcc -mcpu=cortex-a9 -mfpu=vfpv3 -mfloat-abi=hard -Wl,-build-id=none -specs=Xilinx.spec -Wl,-T -Wl,../src/lscript.ld -L../../PSPL_Basic_SDK_bsp/ps7_cortexa9_0/lib -o "PSPL_Basic_SDK.elf"  ./src/main.o   -Wl,--start-group,-lxil,-lgcc,-lc,--end-group
Finished building target: PSPL_Basic_SDK.elf
 
Invoking: ARM v7 Print Size
arm-none-eabi-size PSPL_Basic_SDK.elf  |tee "PSPL_Basic_SDK.elf.size"
   text	   data	    bss	    dec	    hex	filename
  72640	   2600	  23344	  98584	  18118	PSPL_Basic_SDK.elf
Finished building: PSPL_Basic_SDK.elf.size
 
19:23:56 **** Auto Build of configuration Debug for project PSPL_Basic_SDK ****
make pre-build main-build 
a9-linaro-pre-build-step
 
Building file: ../src/main.c
Invoking: ARM v7 gcc compiler
arm-none-eabi-gcc -Wall -O0 -g3 -c -fmessage-length=0 -MT"src/main.o" -mcpu=cortex-a9 -mfpu=vfpv3 -mfloat-abi=hard -I../../PSPL_Basic_SDK_bsp/ps7_cortexa9_0/include -MMD -MP -MF"src/main.d" -MT"src/main.o" -o "src/main.o" "../src/main.c"
In file included from ../src/main.c:3:0:
../src/main.c: In function 'main':
../../PSPL_Basic_SDK_bsp/ps7_cortexa9_0/include/xparameters.h:177:34: warning: large integer implicitly truncated to unsigned type [-Woverflow]
 #define XPAR_AXI_GPIO_0_BASEADDR 0x41200000
                                  ^
../src/main.c:21:34: note: in expansion of macro 'XPAR_AXI_GPIO_0_BASEADDR'
     XGpio_Initialize(&LED_XGpio, XPAR_AXI_GPIO_0_BASEADDR);
                                  ^~~~~~~~~~~~~~~~~~~~~~~~
../src/main.c:19:9: warning: unused variable 'led_num' [-Wunused-variable]
     int led_num = 0x03;
         ^~~~~~~
Finished building: ../src/main.c
 
Building target: PSPL_Basic_SDK.elf
Invoking: ARM v7 gcc linker
arm-none-eabi-gcc -mcpu=cortex-a9 -mfpu=vfpv3 -mfloat-abi=hard -Wl,-build-id=none -specs=Xilinx.spec -Wl,-T -Wl,../src/lscript.ld -L../../PSPL_Basic_SDK_bsp/ps7_cortexa9_0/lib -o "PSPL_Basic_SDK.elf"  ./src/main.o   -Wl,--start-group,-lxil,-lgcc,-lc,--end-group
Finished building target: PSPL_Basic_SDK.elf
 
Invoking: ARM v7 Print Size
arm-none-eabi-size PSPL_Basic_SDK.elf  |tee "PSPL_Basic_SDK.elf.size"
   text	   data	    bss	    dec	    hex	filename
  72640	   2600	  23344	  98584	  18118	PSPL_Basic_SDK.elf
Finished building: PSPL_Basic_SDK.elf.size
 
19:24:03 **** Auto Build of configuration Debug for project PSPL_Basic_SDK ****
make pre-build main-build 
a9-linaro-pre-build-step
 
Building file: ../src/main.c
Invoking: ARM v7 gcc compiler
arm-none-eabi-gcc -Wall -O0 -g3 -c -fmessage-length=0 -MT"src/main.o" -mcpu=cortex-a9 -mfpu=vfpv3 -mfloat-abi=hard -I../../PSPL_Basic_SDK_bsp/ps7_cortexa9_0/include -MMD -MP -MF"src/main.d" -MT"src/main.o" -o "src/main.o" "../src/main.c"
In file included from ../src/main.c:3:0:
../src/main.c: In function 'main':
../../PSPL_Basic_SDK_bsp/ps7_cortexa9_0/include/xparameters.h:177:34: warning: large integer implicitly truncated to unsigned type [-Woverflow]
 #define XPAR_AXI_GPIO_0_BASEADDR 0x41200000
                                  ^
../src/main.c:21:34: note: in expansion of macro 'XPAR_AXI_GPIO_0_BASEADDR'
     XGpio_Initialize(&LED_XGpio, XPAR_AXI_GPIO_0_BASEADDR);
                                  ^~~~~~~~~~~~~~~~~~~~~~~~
../src/main.c:27:6: error: too few arguments to function 'printf'
      printf();
      ^~~~~~
In file included from /opt/Xilinx/SDK/2017.3/gnu/aarch32/lin/gcc-arm-none-eabi/arm-none-eabi/libc/usr/include/stdio.h:29:0,
                 from ../src/main.c:1:
/opt/Xilinx/SDK/2017.3/gnu/aarch32/lin/gcc-arm-none-eabi/arm-none-eabi/libc/usr/include/stdio.h:181:5: note: declared here
 int _EXFUN(printf, (const char *__restrict, ...)
     ^
../src/main.c:19:9: warning: unused variable 'led_num' [-Wunused-variable]
src/subdir.mk:21: recipe for target 'src/main.o' failed
     int led_num = 0x03;
         ^~~~~~~
make: *** [src/main.o] Error 1
19:24:07 **** Auto Build of configuration Debug for project PSPL_Basic_SDK ****
make pre-build main-build 
a9-linaro-pre-build-step
 
Building file: ../src/main.c
Invoking: ARM v7 gcc compiler
arm-none-eabi-gcc -Wall -O0 -g3 -c -fmessage-length=0 -MT"src/main.o" -mcpu=cortex-a9 -mfpu=vfpv3 -mfloat-abi=hard -I../../PSPL_Basic_SDK_bsp/ps7_cortexa9_0/include -MMD -MP -MF"src/main.d" -MT"src/main.o" -o "src/main.o" "../src/main.c"
In file included from ../src/main.c:3:0:
../src/main.c: In function 'main':
../../PSPL_Basic_SDK_bsp/ps7_cortexa9_0/include/xparameters.h:177:34: warning: large integer implicitly truncated to unsigned type [-Woverflow]
 #define XPAR_AXI_GPIO_0_BASEADDR 0x41200000
                                  ^
../src/main.c:21:34: note: in expansion of macro 'XPAR_AXI_GPIO_0_BASEADDR'
     XGpio_Initialize(&LED_XGpio, XPAR_AXI_GPIO_0_BASEADDR);
                                  ^~~~~~~~~~~~~~~~~~~~~~~~
../src/main.c:27:13: warning: zero-length gnu_printf format string [-Wformat-zero-length]
      printf("");
             ^~
../src/main.c:19:9: warning: unused variable 'led_num' [-Wunused-variable]
     int led_num = 0x03;
         ^~~~~~~
Finished building: ../src/main.c
 
Building target: PSPL_Basic_SDK.elf
Invoking: ARM v7 gcc linker
arm-none-eabi-gcc -mcpu=cortex-a9 -mfpu=vfpv3 -mfloat-abi=hard -Wl,-build-id=none -specs=Xilinx.spec -Wl,-T -Wl,../src/lscript.ld -L../../PSPL_Basic_SDK_bsp/ps7_cortexa9_0/lib -o "PSPL_Basic_SDK.elf"  ./src/main.o   -Wl,--start-group,-lxil,-lgcc,-lc,--end-group
Finished building target: PSPL_Basic_SDK.elf
 
Invoking: ARM v7 Print Size
arm-none-eabi-size PSPL_Basic_SDK.elf  |tee "PSPL_Basic_SDK.elf.size"
   text	   data	    bss	    dec	    hex	filename
  72640	   2600	  23344	  98584	  18118	PSPL_Basic_SDK.elf
Finished building: PSPL_Basic_SDK.elf.size
 
19:24:45 **** Auto Build of configuration Debug for project PSPL_Basic_SDK ****
make pre-build main-build 
a9-linaro-pre-build-step
 
Building file: ../src/main.c
Invoking: ARM v7 gcc compiler
arm-none-eabi-gcc -Wall -O0 -g3 -c -fmessage-length=0 -MT"src/main.o" -mcpu=cortex-a9 -mfpu=vfpv3 -mfloat-abi=hard -I../../PSPL_Basic_SDK_bsp/ps7_cortexa9_0/include -MMD -MP -MF"src/main.d" -MT"src/main.o" -o "src/main.o" "../src/main.c"
In file included from ../src/main.c:3:0:
../src/main.c: In function 'main':
../../PSPL_Basic_SDK_bsp/ps7_cortexa9_0/include/xparameters.h:177:34: warning: large integer implicitly truncated to unsigned type [-Woverflow]
 #define XPAR_AXI_GPIO_0_BASEADDR 0x41200000
                                  ^
../src/main.c:21:34: note: in expansion of macro 'XPAR_AXI_GPIO_0_BASEADDR'
     XGpio_Initialize(&LED_XGpio, XPAR_AXI_GPIO_0_BASEADDR);
                                  ^~~~~~~~~~~~~~~~~~~~~~~~
Finished building: ../src/main.c
 
Building target: PSPL_Basic_SDK.elf
Invoking: ARM v7 gcc linker
arm-none-eabi-gcc -mcpu=cortex-a9 -mfpu=vfpv3 -mfloat-abi=hard -Wl,-build-id=none -specs=Xilinx.spec -Wl,-T -Wl,../src/lscript.ld -L../../PSPL_Basic_SDK_bsp/ps7_cortexa9_0/lib -o "PSPL_Basic_SDK.elf"  ./src/main.o   -Wl,--start-group,-lxil,-lgcc,-lc,--end-group
Finished building target: PSPL_Basic_SDK.elf
 
Invoking: ARM v7 Print Size
arm-none-eabi-size PSPL_Basic_SDK.elf  |tee "PSPL_Basic_SDK.elf.size"
   text	   data	    bss	    dec	    hex	filename
  72656	   2600	  23344	  98600	  18128	PSPL_Basic_SDK.elf
Finished building: PSPL_Basic_SDK.elf.size
 
19:25:16 **** Auto Build of configuration Debug for project PSPL_Basic_SDK ****
make pre-build main-build 
a9-linaro-pre-build-step
 
Building file: ../src/main.c
Invoking: ARM v7 gcc compiler
arm-none-eabi-gcc -Wall -O0 -g3 -c -fmessage-length=0 -MT"src/main.o" -mcpu=cortex-a9 -mfpu=vfpv3 -mfloat-abi=hard -I../../PSPL_Basic_SDK_bsp/ps7_cortexa9_0/include -MMD -MP -MF"src/main.d" -MT"src/main.o" -o "src/main.o" "../src/main.c"
In file included from ../src/main.c:3:0:
../src/main.c: In function 'main':
../../PSPL_Basic_SDK_bsp/ps7_cortexa9_0/include/xparameters.h:177:34: warning: large integer implicitly truncated to unsigned type [-Woverflow]
 #define XPAR_AXI_GPIO_0_BASEADDR 0x41200000
                                  ^
../src/main.c:21:34: note: in expansion of macro 'XPAR_AXI_GPIO_0_BASEADDR'
     XGpio_Initialize(&LED_XGpio, XPAR_AXI_GPIO_0_BASEADDR);
                                  ^~~~~~~~~~~~~~~~~~~~~~~~
../src/main.c:29:6: error: too few arguments to function 'XGpio_DiscreteWrite'
      XGpio_DiscreteWrite();
      ^~~~~~~~~~~~~~~~~~~
In file included from ../src/main.c:4:0:
../../PSPL_Basic_SDK_bsp/ps7_cortexa9_0/include/xgpio.h:184:6: note: declared here
 void XGpio_DiscreteWrite(XGpio *InstancePtr, unsigned Channel, u32 Mask);
      ^~~~~~~~~~~~~~~~~~~
src/subdir.mk:21: recipe for target 'src/main.o' failed
make: *** [src/main.o] Error 1
19:25:46 **** Auto Build of configuration Debug for project PSPL_Basic_SDK ****
make pre-build main-build 
a9-linaro-pre-build-step
 
Building file: ../src/main.c
Invoking: ARM v7 gcc compiler
arm-none-eabi-gcc -Wall -O0 -g3 -c -fmessage-length=0 -MT"src/main.o" -mcpu=cortex-a9 -mfpu=vfpv3 -mfloat-abi=hard -I../../PSPL_Basic_SDK_bsp/ps7_cortexa9_0/include -MMD -MP -MF"src/main.d" -MT"src/main.o" -o "src/main.o" "../src/main.c"
In file included from ../src/main.c:3:0:
../src/main.c: In function 'main':
../../PSPL_Basic_SDK_bsp/ps7_cortexa9_0/include/xparameters.h:177:34: warning: large integer implicitly truncated to unsigned type [-Woverflow]
 #define XPAR_AXI_GPIO_0_BASEADDR 0x41200000
                                  ^
../src/main.c:21:34: note: in expansion of macro 'XPAR_AXI_GPIO_0_BASEADDR'
     XGpio_Initialize(&LED_XGpio, XPAR_AXI_GPIO_0_BASEADDR);
                                  ^~~~~~~~~~~~~~~~~~~~~~~~
Finished building: ../src/main.c
 
Building target: PSPL_Basic_SDK.elf
Invoking: ARM v7 gcc linker
arm-none-eabi-gcc -mcpu=cortex-a9 -mfpu=vfpv3 -mfloat-abi=hard -Wl,-build-id=none -specs=Xilinx.spec -Wl,-T -Wl,../src/lscript.ld -L../../PSPL_Basic_SDK_bsp/ps7_cortexa9_0/lib -o "PSPL_Basic_SDK.elf"  ./src/main.o   -Wl,--start-group,-lxil,-lgcc,-lc,--end-group
Finished building target: PSPL_Basic_SDK.elf
 
Invoking: ARM v7 Print Size
arm-none-eabi-size PSPL_Basic_SDK.elf  |tee "PSPL_Basic_SDK.elf.size"
   text	   data	    bss	    dec	    hex	filename
  72720	   2600	  23344	  98664	  18168	PSPL_Basic_SDK.elf
Finished building: PSPL_Basic_SDK.elf.size
 
19:26:00 **** Auto Build of configuration Debug for project PSPL_Basic_SDK ****
make pre-build main-build 
a9-linaro-pre-build-step
 
Building file: ../src/main.c
Invoking: ARM v7 gcc compiler
arm-none-eabi-gcc -Wall -O0 -g3 -c -fmessage-length=0 -MT"src/main.o" -mcpu=cortex-a9 -mfpu=vfpv3 -mfloat-abi=hard -I../../PSPL_Basic_SDK_bsp/ps7_cortexa9_0/include -MMD -MP -MF"src/main.d" -MT"src/main.o" -o "src/main.o" "../src/main.c"
In file included from ../src/main.c:3:0:
../src/main.c: In function 'main':
../../PSPL_Basic_SDK_bsp/ps7_cortexa9_0/include/xparameters.h:177:34: warning: large integer implicitly truncated to unsigned type [-Woverflow]
 #define XPAR_AXI_GPIO_0_BASEADDR 0x41200000
                                  ^
../src/main.c:21:34: note: in expansion of macro 'XPAR_AXI_GPIO_0_BASEADDR'
     XGpio_Initialize(&LED_XGpio, XPAR_AXI_GPIO_0_BASEADDR);
                                  ^~~~~~~~~~~~~~~~~~~~~~~~
../src/main.c:31:6: warning: implicit declaration of function 'delat' [-Wimplicit-function-declaration]
      delat(1000);
      ^~~~~
Finished building: ../src/main.c
 
Building target: PSPL_Basic_SDK.elf
Invoking: ARM v7 gcc linker
arm-none-eabi-gcc -mcpu=cortex-a9 -mfpu=vfpv3 -mfloat-abi=hard -Wl,-build-id=none -specs=Xilinx.spec -Wl,-T -Wl,../src/lscript.ld -L../../PSPL_Basic_SDK_bsp/ps7_cortexa9_0/lib -o "PSPL_Basic_SDK.elf"  ./src/main.o   -Wl,--start-group,-lxil,-lgcc,-lc,--end-group
./src/main.o: 於函式 main:
/home/anan/git-home/ZedBoard-PS-PL-Basic/PSPL_Basic/PSPL_Basic.sdk/PSPL_Basic_SDK/Debug/../src/main.c:31: 未定義參考到「delat」
makefile:39: recipe for target 'PSPL_Basic_SDK.elf' failed
collect2: error: ld returned 1 exit status
make: *** [PSPL_Basic_SDK.elf] Error 1
19:26:16 **** Auto Build of configuration Debug for project PSPL_Basic_SDK ****
make pre-build main-build 
a9-linaro-pre-build-step
 
Building file: ../src/main.c
Invoking: ARM v7 gcc compiler
arm-none-eabi-gcc -Wall -O0 -g3 -c -fmessage-length=0 -MT"src/main.o" -mcpu=cortex-a9 -mfpu=vfpv3 -mfloat-abi=hard -I../../PSPL_Basic_SDK_bsp/ps7_cortexa9_0/include -MMD -MP -MF"src/main.d" -MT"src/main.o" -o "src/main.o" "../src/main.c"
In file included from ../src/main.c:3:0:
../src/main.c: In function 'main':
../../PSPL_Basic_SDK_bsp/ps7_cortexa9_0/include/xparameters.h:177:34: warning: large integer implicitly truncated to unsigned type [-Woverflow]
 #define XPAR_AXI_GPIO_0_BASEADDR 0x41200000
                                  ^
../src/main.c:21:34: note: in expansion of macro 'XPAR_AXI_GPIO_0_BASEADDR'
     XGpio_Initialize(&LED_XGpio, XPAR_AXI_GPIO_0_BASEADDR);
                                  ^~~~~~~~~~~~~~~~~~~~~~~~
../src/main.c:33:6: warning: implicit declaration of function 'delat' [-Wimplicit-function-declaration]
      delat(1000);
      ^~~~~
Finished building: ../src/main.c
 
Building target: PSPL_Basic_SDK.elf
Invoking: ARM v7 gcc linker
arm-none-eabi-gcc -mcpu=cortex-a9 -mfpu=vfpv3 -mfloat-abi=hard -Wl,-build-id=none -specs=Xilinx.spec -Wl,-T -Wl,../src/lscript.ld -L../../PSPL_Basic_SDK_bsp/ps7_cortexa9_0/lib -o "PSPL_Basic_SDK.elf"  ./src/main.o   -Wl,--start-group,-lxil,-lgcc,-lc,--end-group
./src/main.o: 於函式 main:
/home/anan/git-home/ZedBoard-PS-PL-Basic/PSPL_Basic/PSPL_Basic.sdk/PSPL_Basic_SDK/Debug/../src/main.c:33: 未定義參考到「delat」
collect2: error: ld returned 1 exit status
make: *** [PSPL_Basic_SDK.elf] Error 1
makefile:39: recipe for target 'PSPL_Basic_SDK.elf' failed
19:26:24 **** Auto Build of configuration Debug for project PSPL_Basic_SDK ****
make pre-build main-build 
a9-linaro-pre-build-step
 
Building file: ../src/main.c
Invoking: ARM v7 gcc compiler
arm-none-eabi-gcc -Wall -O0 -g3 -c -fmessage-length=0 -MT"src/main.o" -mcpu=cortex-a9 -mfpu=vfpv3 -mfloat-abi=hard -I../../PSPL_Basic_SDK_bsp/ps7_cortexa9_0/include -MMD -MP -MF"src/main.d" -MT"src/main.o" -o "src/main.o" "../src/main.c"
In file included from ../src/main.c:3:0:
../src/main.c: In function 'main':
../../PSPL_Basic_SDK_bsp/ps7_cortexa9_0/include/xparameters.h:177:34: warning: large integer implicitly truncated to unsigned type [-Woverflow]
 #define XPAR_AXI_GPIO_0_BASEADDR 0x41200000
                                  ^
../src/main.c:21:34: note: in expansion of macro 'XPAR_AXI_GPIO_0_BASEADDR'
     XGpio_Initialize(&LED_XGpio, XPAR_AXI_GPIO_0_BASEADDR);
                                  ^~~~~~~~~~~~~~~~~~~~~~~~
Finished building: ../src/main.c
 
Building target: PSPL_Basic_SDK.elf
Invoking: ARM v7 gcc linker
arm-none-eabi-gcc -mcpu=cortex-a9 -mfpu=vfpv3 -mfloat-abi=hard -Wl,-build-id=none -specs=Xilinx.spec -Wl,-T -Wl,../src/lscript.ld -L../../PSPL_Basic_SDK_bsp/ps7_cortexa9_0/lib -o "PSPL_Basic_SDK.elf"  ./src/main.o   -Wl,--start-group,-lxil,-lgcc,-lc,--end-group
Finished building target: PSPL_Basic_SDK.elf
 
Invoking: ARM v7 Print Size
arm-none-eabi-size PSPL_Basic_SDK.elf  |tee "PSPL_Basic_SDK.elf.size"
   text	   data	    bss	    dec	    hex	filename
  72720	   2600	  23344	  98664	  18168	PSPL_Basic_SDK.elf
Finished building: PSPL_Basic_SDK.elf.size
 
19:26:39 **** Incremental Build of configuration Debug for project PSPL_Basic_SDK ****
make pre-build main-build 
a9-linaro-pre-build-step
 
make: Nothing to be done for 'main-build'.
19:32:35 **** Auto Build of configuration Debug for project PSPL_Basic_SDK ****
make pre-build main-build 
a9-linaro-pre-build-step
 
Building file: ../src/main.c
Invoking: ARM v7 gcc compiler
arm-none-eabi-gcc -Wall -O0 -g3 -c -fmessage-length=0 -MT"src/main.o" -mcpu=cortex-a9 -mfpu=vfpv3 -mfloat-abi=hard -I../../PSPL_Basic_SDK_bsp/ps7_cortexa9_0/include -MMD -MP -MF"src/main.d" -MT"src/main.o" -o "src/main.o" "../src/main.c"
In file included from ../src/main.c:3:0:
../src/main.c: In function 'main':
../../PSPL_Basic_SDK_bsp/ps7_cortexa9_0/include/xparameters.h:177:34: warning: large integer implicitly truncated to unsigned type [-Woverflow]
 #define XPAR_AXI_GPIO_0_BASEADDR 0x41200000
                                  ^
../src/main.c:21:34: note: in expansion of macro 'XPAR_AXI_GPIO_0_BASEADDR'
     XGpio_Initialize(&LED_XGpio, XPAR_AXI_GPIO_0_BASEADDR);
                                  ^~~~~~~~~~~~~~~~~~~~~~~~
Finished building: ../src/main.c
 
Building target: PSPL_Basic_SDK.elf
Invoking: ARM v7 gcc linker
arm-none-eabi-gcc -mcpu=cortex-a9 -mfpu=vfpv3 -mfloat-abi=hard -Wl,-build-id=none -specs=Xilinx.spec -Wl,-T -Wl,../src/lscript.ld -L../../PSPL_Basic_SDK_bsp/ps7_cortexa9_0/lib -o "PSPL_Basic_SDK.elf"  ./src/main.o   -Wl,--start-group,-lxil,-lgcc,-lc,--end-group
Finished building target: PSPL_Basic_SDK.elf
 
Invoking: ARM v7 Print Size
arm-none-eabi-size PSPL_Basic_SDK.elf  |tee "PSPL_Basic_SDK.elf.size"
   text	   data	    bss	    dec	    hex	filename
  72720	   2600	  23344	  98664	  18168	PSPL_Basic_SDK.elf
Finished building: PSPL_Basic_SDK.elf.size
 
19:32:40 **** Incremental Build of configuration Debug for project PSPL_Basic_SDK ****
make pre-build main-build 
a9-linaro-pre-build-step
 
make: Nothing to be done for 'main-build'.
19:33:07 **** Auto Build of configuration Debug for project PSPL_Basic_SDK ****
make pre-build main-build 
a9-linaro-pre-build-step
 
Building file: ../src/main.c
Invoking: ARM v7 gcc compiler
arm-none-eabi-gcc -Wall -O0 -g3 -c -fmessage-length=0 -MT"src/main.o" -mcpu=cortex-a9 -mfpu=vfpv3 -mfloat-abi=hard -I../../PSPL_Basic_SDK_bsp/ps7_cortexa9_0/include -MMD -MP -MF"src/main.d" -MT"src/main.o" -o "src/main.o" "../src/main.c"
In file included from ../src/main.c:3:0:
../src/main.c: In function 'main':
../../PSPL_Basic_SDK_bsp/ps7_cortexa9_0/include/xparameters.h:177:34: warning: large integer implicitly truncated to unsigned type [-Woverflow]
 #define XPAR_AXI_GPIO_0_BASEADDR 0x41200000
                                  ^
../src/main.c:21:34: note: in expansion of macro 'XPAR_AXI_GPIO_0_BASEADDR'
     XGpio_Initialize(&LED_XGpio, XPAR_AXI_GPIO_0_BASEADDR);
                                  ^~~~~~~~~~~~~~~~~~~~~~~~
Finished building: ../src/main.c
 
Building target: PSPL_Basic_SDK.elf
Invoking: ARM v7 gcc linker
arm-none-eabi-gcc -mcpu=cortex-a9 -mfpu=vfpv3 -mfloat-abi=hard -Wl,-build-id=none -specs=Xilinx.spec -Wl,-T -Wl,../src/lscript.ld -L../../PSPL_Basic_SDK_bsp/ps7_cortexa9_0/lib -o "PSPL_Basic_SDK.elf"  ./src/main.o   -Wl,--start-group,-lxil,-lgcc,-lc,--end-group
Finished building target: PSPL_Basic_SDK.elf
 
Invoking: ARM v7 Print Size
arm-none-eabi-size PSPL_Basic_SDK.elf  |tee "PSPL_Basic_SDK.elf.size"
   text	   data	    bss	    dec	    hex	filename
  72720	   2600	  23344	  98664	  18168	PSPL_Basic_SDK.elf
Finished building: PSPL_Basic_SDK.elf.size
 
19:33:10 **** Incremental Build of configuration Debug for project PSPL_Basic_SDK ****
make pre-build main-build 
a9-linaro-pre-build-step
 
make: Nothing to be done for 'main-build'.
19:33:30 **** Auto Build of configuration Debug for project PSPL_Basic_SDK ****
make pre-build main-build 
a9-linaro-pre-build-step
 
Building file: ../src/main.c
Invoking: ARM v7 gcc compiler
arm-none-eabi-gcc -Wall -O0 -g3 -c -fmessage-length=0 -MT"src/main.o" -mcpu=cortex-a9 -mfpu=vfpv3 -mfloat-abi=hard -I../../PSPL_Basic_SDK_bsp/ps7_cortexa9_0/include -MMD -MP -MF"src/main.d" -MT"src/main.o" -o "src/main.o" "../src/main.c"
In file included from ../src/main.c:3:0:
../src/main.c: In function 'main':
../../PSPL_Basic_SDK_bsp/ps7_cortexa9_0/include/xparameters.h:177:34: warning: large integer implicitly truncated to unsigned type [-Woverflow]
 #define XPAR_AXI_GPIO_0_BASEADDR 0x41200000
                                  ^
../src/main.c:21:34: note: in expansion of macro 'XPAR_AXI_GPIO_0_BASEADDR'
     XGpio_Initialize(&LED_XGpio, XPAR_AXI_GPIO_0_BASEADDR);
                                  ^~~~~~~~~~~~~~~~~~~~~~~~
Finished building: ../src/main.c
 
Building target: PSPL_Basic_SDK.elf
Invoking: ARM v7 gcc linker
arm-none-eabi-gcc -mcpu=cortex-a9 -mfpu=vfpv3 -mfloat-abi=hard -Wl,-build-id=none -specs=Xilinx.spec -Wl,-T -Wl,../src/lscript.ld -L../../PSPL_Basic_SDK_bsp/ps7_cortexa9_0/lib -o "PSPL_Basic_SDK.elf"  ./src/main.o   -Wl,--start-group,-lxil,-lgcc,-lc,--end-group
Finished building target: PSPL_Basic_SDK.elf
 
Invoking: ARM v7 Print Size
arm-none-eabi-size PSPL_Basic_SDK.elf  |tee "PSPL_Basic_SDK.elf.size"
   text	   data	    bss	    dec	    hex	filename
  72720	   2600	  23344	  98664	  18168	PSPL_Basic_SDK.elf
Finished building: PSPL_Basic_SDK.elf.size
 
20:44:41 **** Incremental Build of configuration Debug for project PSPL_Basic_SDK ****
make pre-build main-build 
a9-linaro-pre-build-step
 
make: Nothing to be done for 'main-build'.
20:44:52 **** Auto Build of configuration Debug for project PSPL_Basic_SDK ****
make pre-build main-build 
a9-linaro-pre-build-step
 
Building file: ../src/main.c
Invoking: ARM v7 gcc compiler
arm-none-eabi-gcc -Wall -O0 -g3 -c -fmessage-length=0 -MT"src/main.o" -mcpu=cortex-a9 -mfpu=vfpv3 -mfloat-abi=hard -I../../PSPL_Basic_SDK_bsp/ps7_cortexa9_0/include -MMD -MP -MF"src/main.d" -MT"src/main.o" -o "src/main.o" "../src/main.c"
In file included from ../src/main.c:3:0:
../src/main.c: In function 'main':
../../PSPL_Basic_SDK_bsp/ps7_cortexa9_0/include/xparameters.h:177:34: warning: large integer implicitly truncated to unsigned type [-Woverflow]
 #define XPAR_AXI_GPIO_0_BASEADDR 0x41200000
                                  ^
../src/main.c:21:34: note: in expansion of macro 'XPAR_AXI_GPIO_0_BASEADDR'
     XGpio_Initialize(&LED_XGpio, XPAR_AXI_GPIO_0_BASEADDR);
                                  ^~~~~~~~~~~~~~~~~~~~~~~~
Finished building: ../src/main.c
 
Building target: PSPL_Basic_SDK.elf
Invoking: ARM v7 gcc linker
arm-none-eabi-gcc -mcpu=cortex-a9 -mfpu=vfpv3 -mfloat-abi=hard -Wl,-build-id=none -specs=Xilinx.spec -Wl,-T -Wl,../src/lscript.ld -L../../PSPL_Basic_SDK_bsp/ps7_cortexa9_0/lib -o "PSPL_Basic_SDK.elf"  ./src/main.o   -Wl,--start-group,-lxil,-lgcc,-lc,--end-group
Finished building target: PSPL_Basic_SDK.elf
 
Invoking: ARM v7 Print Size
arm-none-eabi-size PSPL_Basic_SDK.elf  |tee "PSPL_Basic_SDK.elf.size"
   text	   data	    bss	    dec	    hex	filename
  72720	   2600	  23344	  98664	  18168	PSPL_Basic_SDK.elf
Finished building: PSPL_Basic_SDK.elf.size
 
20:44:56 **** Incremental Build of configuration Debug for project PSPL_Basic_SDK ****
make pre-build main-build 
a9-linaro-pre-build-step
 
make: Nothing to be done for 'main-build'.
20:45:17 **** Incremental Build of configuration Debug for project PSPL_Basic_SDK ****
make pre-build main-build 
a9-linaro-pre-build-step
 
make: Nothing to be done for 'main-build'.
20:45:36 **** Incremental Build of configuration Debug for project PSPL_Basic_SDK ****
make pre-build main-build 
a9-linaro-pre-build-step
 
make: Nothing to be done for 'main-build'.
20:45:51 **** Auto Build of configuration Debug for project PSPL_Basic_SDK ****
make pre-build main-build 
a9-linaro-pre-build-step
 
Building file: ../src/main.c
Invoking: ARM v7 gcc compiler
arm-none-eabi-gcc -Wall -O0 -g3 -c -fmessage-length=0 -MT"src/main.o" -mcpu=cortex-a9 -mfpu=vfpv3 -mfloat-abi=hard -I../../PSPL_Basic_SDK_bsp/ps7_cortexa9_0/include -MMD -MP -MF"src/main.d" -MT"src/main.o" -o "src/main.o" "../src/main.c"
In file included from ../src/main.c:3:0:
../src/main.c: In function 'main':
../../PSPL_Basic_SDK_bsp/ps7_cortexa9_0/include/xparameters.h:177:34: warning: large integer implicitly truncated to unsigned type [-Woverflow]
 #define XPAR_AXI_GPIO_0_BASEADDR 0x41200000
                                  ^
../src/main.c:21:34: note: in expansion of macro 'XPAR_AXI_GPIO_0_BASEADDR'
     XGpio_Initialize(&LED_XGpio, XPAR_AXI_GPIO_0_BASEADDR);
                                  ^~~~~~~~~~~~~~~~~~~~~~~~
Finished building: ../src/main.c
 
Building target: PSPL_Basic_SDK.elf
Invoking: ARM v7 gcc linker
arm-none-eabi-gcc -mcpu=cortex-a9 -mfpu=vfpv3 -mfloat-abi=hard -Wl,-build-id=none -specs=Xilinx.spec -Wl,-T -Wl,../src/lscript.ld -L../../PSPL_Basic_SDK_bsp/ps7_cortexa9_0/lib -o "PSPL_Basic_SDK.elf"  ./src/main.o   -Wl,--start-group,-lxil,-lgcc,-lc,--end-group
Finished building target: PSPL_Basic_SDK.elf
 
Invoking: ARM v7 Print Size
arm-none-eabi-size PSPL_Basic_SDK.elf  |tee "PSPL_Basic_SDK.elf.size"
   text	   data	    bss	    dec	    hex	filename
  72720	   2600	  23344	  98664	  18168	PSPL_Basic_SDK.elf
Finished building: PSPL_Basic_SDK.elf.size
 
20:45:56 **** Incremental Build of configuration Debug for project PSPL_Basic_SDK ****
make pre-build main-build 
a9-linaro-pre-build-step
 
make: Nothing to be done for 'main-build'.
21:06:55 **** Auto Build of configuration Debug for project PSPL_Basic_SDK ****
make pre-build main-build 
a9-linaro-pre-build-step
 
Building file: ../src/main.c
Invoking: ARM v7 gcc compiler
arm-none-eabi-gcc -Wall -O0 -g3 -c -fmessage-length=0 -MT"src/main.o" -mcpu=cortex-a9 -mfpu=vfpv3 -mfloat-abi=hard -I../../PSPL_Basic_SDK_bsp/ps7_cortexa9_0/include -MMD -MP -MF"src/main.d" -MT"src/main.o" -o "src/main.o" "../src/main.c"
In file included from ../src/main.c:3:0:
../src/main.c: In function 'main':
../../PSPL_Basic_SDK_bsp/ps7_cortexa9_0/include/xparameters.h:177:34: warning: large integer implicitly truncated to unsigned type [-Woverflow]
 #define XPAR_AXI_GPIO_0_BASEADDR 0x41200000
                                  ^
../src/main.c:21:34: note: in expansion of macro 'XPAR_AXI_GPIO_0_BASEADDR'
     XGpio_Initialize(&LED_XGpio, XPAR_AXI_GPIO_0_BASEADDR);
                                  ^~~~~~~~~~~~~~~~~~~~~~~~
../src/main.c:24:5: warning: implicit declaration of function 'printf' [-Wimplicit-function-declaration]
     printf("Start!!!");
     ^~~~~~
../src/main.c:24:5: warning: incompatible implicit declaration of built-in function 'printf'
../src/main.c:24:5: note: include '<stdio.h>' or provide a declaration of 'printf'
Finished building: ../src/main.c
 
Building target: PSPL_Basic_SDK.elf
Invoking: ARM v7 gcc linker
arm-none-eabi-gcc -mcpu=cortex-a9 -mfpu=vfpv3 -mfloat-abi=hard -Wl,-build-id=none -specs=Xilinx.spec -Wl,-T -Wl,../src/lscript.ld -L../../PSPL_Basic_SDK_bsp/ps7_cortexa9_0/lib -o "PSPL_Basic_SDK.elf"  ./src/main.o   -Wl,--start-group,-lxil,-lgcc,-lc,--end-group
Finished building target: PSPL_Basic_SDK.elf
 
Invoking: ARM v7 Print Size
arm-none-eabi-size PSPL_Basic_SDK.elf  |tee "PSPL_Basic_SDK.elf.size"
   text	   data	    bss	    dec	    hex	filename
  72720	   2600	  23344	  98664	  18168	PSPL_Basic_SDK.elf
Finished building: PSPL_Basic_SDK.elf.size
 
21:07:00 **** Auto Build of configuration Debug for project PSPL_Basic_SDK ****
make pre-build main-build 
[...]
Finished building target: PSPL_Basic_SDK.elf
 
Invoking: ARM v7 Print Size
arm-none-eabi-size PSPL_Basic_SDK.elf  |tee "PSPL_Basic_SDK.elf.size"
   text	   data	    bss	    dec	    hex	filename
  72720	   2600	  23344	  98664	  18168	PSPL_Basic_SDK.elf
Finished building: PSPL_Basic_SDK.elf.size
 
22:46:14 **** Auto Build of configuration Debug for project PSPL_Basic_SDK ****
make pre-build main-build 
a9-linaro-pre-build-step
 
Building file: ../src/main.c
Invoking: ARM v7 gcc compiler
arm-none-eabi-gcc -Wall -O0 -g3 -c -fmessage-length=0 -MT"src/main.o" -mcpu=cortex-a9 -mfpu=vfpv3 -mfloat-abi=hard -I../../PSPL_Basic_SDK_bsp/ps7_cortexa9_0/include -MMD -MP -MF"src/main.d" -MT"src/main.o" -o "src/main.o" "../src/main.c"
Finished building: ../src/main.c
 
Building target: PSPL_Basic_SDK.elf
Invoking: ARM v7 gcc linker
arm-none-eabi-gcc -mcpu=cortex-a9 -mfpu=vfpv3 -mfloat-abi=hard -Wl,-build-id=none -specs=Xilinx.spec -Wl,-T -Wl,../src/lscript.ld -L../../PSPL_Basic_SDK_bsp/ps7_cortexa9_0/lib -o "PSPL_Basic_SDK.elf"  ./src/main.o   -Wl,--start-group,-lxil,-lgcc,-lc,--end-group
Finished building target: PSPL_Basic_SDK.elf
 
Invoking: ARM v7 Print Size
arm-none-eabi-size PSPL_Basic_SDK.elf  |tee "PSPL_Basic_SDK.elf.size"
   text	   data	    bss	    dec	    hex	filename
  72720	   2600	  23344	  98664	  18168	PSPL_Basic_SDK.elf
Finished building: PSPL_Basic_SDK.elf.size
 
22:55:59 **** Auto Build of configuration Debug for project PSPL_Basic_SDK ****
make pre-build main-build 
a9-linaro-pre-build-step
 
Building file: ../src/main.c
Invoking: ARM v7 gcc compiler
arm-none-eabi-gcc -Wall -O0 -g3 -c -fmessage-length=0 -MT"src/main.o" -mcpu=cortex-a9 -mfpu=vfpv3 -mfloat-abi=hard -I../../PSPL_Basic_SDK_bsp/ps7_cortexa9_0/include -MMD -MP -MF"src/main.d" -MT"src/main.o" -o "src/main.o" "../src/main.c"
../src/main.c: In function 'main':
../src/main.c:21:20: warning: missing terminating ' character
     int LED_num = 8'b00000000; // 宣告一個變數,做運算用.
                    ^
../src/main.c:21:20: error: missing terminating ' character
     int LED_num = 8'b00000000; // 宣告一個變數,做運算用.
                    ^~~~~~~~~~~~~~~~~~~~~~~~~~~~~~~~~~~~~~~~~~~~~~~
../src/main.c:23:5: error: expected ',' or ';' before 'XGpio_Initialize'
     XGpio_Initialize(&LED_XGpio, XPAR_AXI_GPIO_0_DEVICE_ID); // 初始化GPIO
     ^~~~~~~~~~~~~~~~
src/subdir.mk:21: recipe for target 'src/main.o' failed
make: *** [src/main.o] Error 1
22:56:03 **** Auto Build of configuration Debug for project PSPL_Basic_SDK ****
make pre-build main-build 
a9-linaro-pre-build-step
 
Building file: ../src/main.c
Invoking: ARM v7 gcc compiler
arm-none-eabi-gcc -Wall -O0 -g3 -c -fmessage-length=0 -MT"src/main.o" -mcpu=cortex-a9 -mfpu=vfpv3 -mfloat-abi=hard -I../../PSPL_Basic_SDK_bsp/ps7_cortexa9_0/include -MMD -MP -MF"src/main.d" -MT"src/main.o" -o "src/main.o" "../src/main.c"
../src/main.c: In function 'main':
../src/main.c:21:19: error: 'b00000000' undeclared (first use in this function)
     int LED_num = b00000000; // 宣告一個變數,做運算用.
                   ^~~~~~~~~
../src/main.c:21:19: note: each undeclared identifier is reported only once for each function it appears in
make: *** [src/main.o] Error 1
src/subdir.mk:21: recipe for target 'src/main.o' failed
22:56:06 **** Auto Build of configuration Debug for project PSPL_Basic_SDK ****
make pre-build main-build 
a9-linaro-pre-build-step
 
Building file: ../src/main.c
Invoking: ARM v7 gcc compiler
arm-none-eabi-gcc -Wall -O0 -g3 -c -fmessage-length=0 -MT"src/main.o" -mcpu=cortex-a9 -mfpu=vfpv3 -mfloat-abi=hard -I../../PSPL_Basic_SDK_bsp/ps7_cortexa9_0/include -MMD -MP -MF"src/main.d" -MT"src/main.o" -o "src/main.o" "../src/main.c"
Finished building: ../src/main.c
 
Building target: PSPL_Basic_SDK.elf
Invoking: ARM v7 gcc linker
arm-none-eabi-gcc -mcpu=cortex-a9 -mfpu=vfpv3 -mfloat-abi=hard -Wl,-build-id=none -specs=Xilinx.spec -Wl,-T -Wl,../src/lscript.ld -L../../PSPL_Basic_SDK_bsp/ps7_cortexa9_0/lib -o "PSPL_Basic_SDK.elf"  ./src/main.o   -Wl,--start-group,-lxil,-lgcc,-lc,--end-group
Finished building target: PSPL_Basic_SDK.elf
 
Invoking: ARM v7 Print Size
arm-none-eabi-size PSPL_Basic_SDK.elf  |tee "PSPL_Basic_SDK.elf.size"
   text	   data	    bss	    dec	    hex	filename
  72720	   2600	  23344	  98664	  18168	PSPL_Basic_SDK.elf
Finished building: PSPL_Basic_SDK.elf.size
 
22:56:17 **** Auto Build of configuration Debug for project PSPL_Basic_SDK ****
make pre-build main-build 
a9-linaro-pre-build-step
 
Building file: ../src/main.c
Invoking: ARM v7 gcc compiler
arm-none-eabi-gcc -Wall -O0 -g3 -c -fmessage-length=0 -MT"src/main.o" -mcpu=cortex-a9 -mfpu=vfpv3 -mfloat-abi=hard -I../../PSPL_Basic_SDK_bsp/ps7_cortexa9_0/include -MMD -MP -MF"src/main.d" -MT"src/main.o" -o "src/main.o" "../src/main.c"
Finished building: ../src/main.c
 
Building target: PSPL_Basic_SDK.elf
Invoking: ARM v7 gcc linker
arm-none-eabi-gcc -mcpu=cortex-a9 -mfpu=vfpv3 -mfloat-abi=hard -Wl,-build-id=none -specs=Xilinx.spec -Wl,-T -Wl,../src/lscript.ld -L../../PSPL_Basic_SDK_bsp/ps7_cortexa9_0/lib -o "PSPL_Basic_SDK.elf"  ./src/main.o   -Wl,--start-group,-lxil,-lgcc,-lc,--end-group
Finished building target: PSPL_Basic_SDK.elf
 
Invoking: ARM v7 Print Size
arm-none-eabi-size PSPL_Basic_SDK.elf  |tee "PSPL_Basic_SDK.elf.size"
   text	   data	    bss	    dec	    hex	filename
  72720	   2600	  23344	  98664	  18168	PSPL_Basic_SDK.elf
Finished building: PSPL_Basic_SDK.elf.size
 
22:56:23 **** Incremental Build of configuration Debug for project PSPL_Basic_SDK ****
make pre-build main-build 
a9-linaro-pre-build-step
 
make: Nothing to be done for 'main-build'.
23:43:21 **** Auto Build of configuration Debug for project PSPL_Basic_SDK ****
make pre-build main-build 
a9-linaro-pre-build-step
 
Building file: ../src/main.c
Invoking: ARM v7 gcc compiler
arm-none-eabi-gcc -Wall -O0 -g3 -c -fmessage-length=0 -MT"src/main.o" -mcpu=cortex-a9 -mfpu=vfpv3 -mfloat-abi=hard -I../../PSPL_Basic_SDK_bsp/ps7_cortexa9_0/include -MMD -MP -MF"src/main.d" -MT"src/main.o" -o "src/main.o" "../src/main.c"
Finished building: ../src/main.c
 
Building target: PSPL_Basic_SDK.elf
Invoking: ARM v7 gcc linker
arm-none-eabi-gcc -mcpu=cortex-a9 -mfpu=vfpv3 -mfloat-abi=hard -Wl,-build-id=none -specs=Xilinx.spec -Wl,-T -Wl,../src/lscript.ld -L../../PSPL_Basic_SDK_bsp/ps7_cortexa9_0/lib -o "PSPL_Basic_SDK.elf"  ./src/main.o   -Wl,--start-group,-lxil,-lgcc,-lc,--end-group
Finished building target: PSPL_Basic_SDK.elf
 
Invoking: ARM v7 Print Size
arm-none-eabi-size PSPL_Basic_SDK.elf  |tee "PSPL_Basic_SDK.elf.size"
   text	   data	    bss	    dec	    hex	filename
  72720	   2600	  23344	  98664	  18168	PSPL_Basic_SDK.elf
Finished building: PSPL_Basic_SDK.elf.size
 
23:43:24 **** Auto Build of configuration Debug for project PSPL_Basic_SDK ****
make pre-build main-build 
a9-linaro-pre-build-step
 
Building file: ../src/main.c
Invoking: ARM v7 gcc compiler
arm-none-eabi-gcc -Wall -O0 -g3 -c -fmessage-length=0 -MT"src/main.o" -mcpu=cortex-a9 -mfpu=vfpv3 -mfloat-abi=hard -I../../PSPL_Basic_SDK_bsp/ps7_cortexa9_0/include -MMD -MP -MF"src/main.d" -MT"src/main.o" -o "src/main.o" "../src/main.c"
Finished building: ../src/main.c
 
Building target: PSPL_Basic_SDK.elf
Invoking: ARM v7 gcc linker
arm-none-eabi-gcc -mcpu=cortex-a9 -mfpu=vfpv3 -mfloat-abi=hard -Wl,-build-id=none -specs=Xilinx.spec -Wl,-T -Wl,../src/lscript.ld -L../../PSPL_Basic_SDK_bsp/ps7_cortexa9_0/lib -o "PSPL_Basic_SDK.elf"  ./src/main.o   -Wl,--start-group,-lxil,-lgcc,-lc,--end-group
Finished building target: PSPL_Basic_SDK.elf
 
Invoking: ARM v7 Print Size
arm-none-eabi-size PSPL_Basic_SDK.elf  |tee "PSPL_Basic_SDK.elf.size"
   text	   data	    bss	    dec	    hex	filename
  72720	   2600	  23344	  98664	  18168	PSPL_Basic_SDK.elf
Finished building: PSPL_Basic_SDK.elf.size
 
23:52:55 **** Auto Build of configuration Debug for project PSPL_Basic_SDK ****
make pre-build main-build 
a9-linaro-pre-build-step
 
Building file: ../src/main.c
Invoking: ARM v7 gcc compiler
arm-none-eabi-gcc -Wall -O0 -g3 -c -fmessage-length=0 -MT"src/main.o" -mcpu=cortex-a9 -mfpu=vfpv3 -mfloat-abi=hard -I../../PSPL_Basic_SDK_bsp/ps7_cortexa9_0/include -MMD -MP -MF"src/main.d" -MT"src/main.o" -o "src/main.o" "../src/main.c"
Finished building: ../src/main.c
 
Building target: PSPL_Basic_SDK.elf
Invoking: ARM v7 gcc linker
arm-none-eabi-gcc -mcpu=cortex-a9 -mfpu=vfpv3 -mfloat-abi=hard -Wl,-build-id=none -specs=Xilinx.spec -Wl,-T -Wl,../src/lscript.ld -L../../PSPL_Basic_SDK_bsp/ps7_cortexa9_0/lib -o "PSPL_Basic_SDK.elf"  ./src/main.o   -Wl,--start-group,-lxil,-lgcc,-lc,--end-group
Finished building target: PSPL_Basic_SDK.elf
 
Invoking: ARM v7 Print Size
arm-none-eabi-size PSPL_Basic_SDK.elf  |tee "PSPL_Basic_SDK.elf.size"
   text	   data	    bss	    dec	    hex	filename
  72720	   2600	  23344	  98664	  18168	PSPL_Basic_SDK.elf
Finished building: PSPL_Basic_SDK.elf.size
 
23:53:14 **** Auto Build of configuration Debug for project PSPL_Basic_SDK ****
make pre-build main-build 
a9-linaro-pre-build-step
 
Building file: ../src/main.c
Invoking: ARM v7 gcc compiler
arm-none-eabi-gcc -Wall -O0 -g3 -c -fmessage-length=0 -MT"src/main.o" -mcpu=cortex-a9 -mfpu=vfpv3 -mfloat-abi=hard -I../../PSPL_Basic_SDK_bsp/ps7_cortexa9_0/include -MMD -MP -MF"src/main.d" -MT"src/main.o" -o "src/main.o" "../src/main.c"
Finished building: ../src/main.c
 
Building target: PSPL_Basic_SDK.elf
Invoking: ARM v7 gcc linker
arm-none-eabi-gcc -mcpu=cortex-a9 -mfpu=vfpv3 -mfloat-abi=hard -Wl,-build-id=none -specs=Xilinx.spec -Wl,-T -Wl,../src/lscript.ld -L../../PSPL_Basic_SDK_bsp/ps7_cortexa9_0/lib -o "PSPL_Basic_SDK.elf"  ./src/main.o   -Wl,--start-group,-lxil,-lgcc,-lc,--end-group
Finished building target: PSPL_Basic_SDK.elf
 
Invoking: ARM v7 Print Size
arm-none-eabi-size PSPL_Basic_SDK.elf  |tee "PSPL_Basic_SDK.elf.size"
   text	   data	    bss	    dec	    hex	filename
  72720	   2600	  23344	  98664	  18168	PSPL_Basic_SDK.elf
Finished building: PSPL_Basic_SDK.elf.size
 
23:54:45 **** Auto Build of configuration Debug for project PSPL_Basic_SDK ****
make pre-build main-build 
a9-linaro-pre-build-step
 
Building file: ../src/main.c
Invoking: ARM v7 gcc compiler
arm-none-eabi-gcc -Wall -O0 -g3 -c -fmessage-length=0 -MT"src/main.o" -mcpu=cortex-a9 -mfpu=vfpv3 -mfloat-abi=hard -I../../PSPL_Basic_SDK_bsp/ps7_cortexa9_0/include -MMD -MP -MF"src/main.d" -MT"src/main.o" -o "src/main.o" "../src/main.c"
Finished building: ../src/main.c
 
Building target: PSPL_Basic_SDK.elf
Invoking: ARM v7 gcc linker
arm-none-eabi-gcc -mcpu=cortex-a9 -mfpu=vfpv3 -mfloat-abi=hard -Wl,-build-id=none -specs=Xilinx.spec -Wl,-T -Wl,../src/lscript.ld -L../../PSPL_Basic_SDK_bsp/ps7_cortexa9_0/lib -o "PSPL_Basic_SDK.elf"  ./src/main.o   -Wl,--start-group,-lxil,-lgcc,-lc,--end-group
Finished building target: PSPL_Basic_SDK.elf
 
Invoking: ARM v7 Print Size
arm-none-eabi-size PSPL_Basic_SDK.elf  |tee "PSPL_Basic_SDK.elf.size"
   text	   data	    bss	    dec	    hex	filename
  72720	   2600	  23344	  98664	  18168	PSPL_Basic_SDK.elf
Finished building: PSPL_Basic_SDK.elf.size
 
23:54:59 **** Auto Build of configuration Debug for project PSPL_Basic_SDK ****
make pre-build main-build 
a9-linaro-pre-build-step
 
Building file: ../src/main.c
Invoking: ARM v7 gcc compiler
arm-none-eabi-gcc -Wall -O0 -g3 -c -fmessage-length=0 -MT"src/main.o" -mcpu=cortex-a9 -mfpu=vfpv3 -mfloat-abi=hard -I../../PSPL_Basic_SDK_bsp/ps7_cortexa9_0/include -MMD -MP -MF"src/main.d" -MT"src/main.o" -o "src/main.o" "../src/main.c"
Finished building: ../src/main.c
 
Building target: PSPL_Basic_SDK.elf
Invoking: ARM v7 gcc linker
arm-none-eabi-gcc -mcpu=cortex-a9 -mfpu=vfpv3 -mfloat-abi=hard -Wl,-build-id=none -specs=Xilinx.spec -Wl,-T -Wl,../src/lscript.ld -L../../PSPL_Basic_SDK_bsp/ps7_cortexa9_0/lib -o "PSPL_Basic_SDK.elf"  ./src/main.o   -Wl,--start-group,-lxil,-lgcc,-lc,--end-group
Finished building target: PSPL_Basic_SDK.elf
 
Invoking: ARM v7 Print Size
arm-none-eabi-size PSPL_Basic_SDK.elf  |tee "PSPL_Basic_SDK.elf.size"
   text	   data	    bss	    dec	    hex	filename
  72720	   2600	  23344	  98664	  18168	PSPL_Basic_SDK.elf
Finished building: PSPL_Basic_SDK.elf.size
 
23:55:01 **** Auto Build of configuration Debug for project PSPL_Basic_SDK ****
make pre-build main-build 
a9-linaro-pre-build-step
 
Building file: ../src/main.c
Invoking: ARM v7 gcc compiler
arm-none-eabi-gcc -Wall -O0 -g3 -c -fmessage-length=0 -MT"src/main.o" -mcpu=cortex-a9 -mfpu=vfpv3 -mfloat-abi=hard -I../../PSPL_Basic_SDK_bsp/ps7_cortexa9_0/include -MMD -MP -MF"src/main.d" -MT"src/main.o" -o "src/main.o" "../src/main.c"
Finished building: ../src/main.c
 
Building target: PSPL_Basic_SDK.elf
Invoking: ARM v7 gcc linker
arm-none-eabi-gcc -mcpu=cortex-a9 -mfpu=vfpv3 -mfloat-abi=hard -Wl,-build-id=none -specs=Xilinx.spec -Wl,-T -Wl,../src/lscript.ld -L../../PSPL_Basic_SDK_bsp/ps7_cortexa9_0/lib -o "PSPL_Basic_SDK.elf"  ./src/main.o   -Wl,--start-group,-lxil,-lgcc,-lc,--end-group
Finished building target: PSPL_Basic_SDK.elf
 
Invoking: ARM v7 Print Size
arm-none-eabi-size PSPL_Basic_SDK.elf  |tee "PSPL_Basic_SDK.elf.size"
   text	   data	    bss	    dec	    hex	filename
  72720	   2600	  23344	  98664	  18168	PSPL_Basic_SDK.elf
Finished building: PSPL_Basic_SDK.elf.size
 
23:58:53 **** Auto Build of configuration Debug for project PSPL_Basic_SDK ****
make pre-build main-build 
a9-linaro-pre-build-step
 
Building file: ../src/main.c
Invoking: ARM v7 gcc compiler
arm-none-eabi-gcc -Wall -O0 -g3 -c -fmessage-length=0 -MT"src/main.o" -mcpu=cortex-a9 -mfpu=vfpv3 -mfloat-abi=hard -I../../PSPL_Basic_SDK_bsp/ps7_cortexa9_0/include -MMD -MP -MF"src/main.d" -MT"src/main.o" -o "src/main.o" "../src/main.c"
Finished building: ../src/main.c
 
Building target: PSPL_Basic_SDK.elf
Invoking: ARM v7 gcc linker
arm-none-eabi-gcc -mcpu=cortex-a9 -mfpu=vfpv3 -mfloat-abi=hard -Wl,-build-id=none -specs=Xilinx.spec -Wl,-T -Wl,../src/lscript.ld -L../../PSPL_Basic_SDK_bsp/ps7_cortexa9_0/lib -o "PSPL_Basic_SDK.elf"  ./src/main.o   -Wl,--start-group,-lxil,-lgcc,-lc,--end-group
Finished building target: PSPL_Basic_SDK.elf
 
Invoking: ARM v7 Print Size
arm-none-eabi-size PSPL_Basic_SDK.elf  |tee "PSPL_Basic_SDK.elf.size"
   text	   data	    bss	    dec	    hex	filename
  72720	   2600	  23344	  98664	  18168	PSPL_Basic_SDK.elf
Finished building: PSPL_Basic_SDK.elf.size
 
00:02:32 **** Auto Build of configuration Debug for project PSPL_Basic_SDK ****
make pre-build main-build 
a9-linaro-pre-build-step
 
Building file: ../src/main.c
Invoking: ARM v7 gcc compiler
arm-none-eabi-gcc -Wall -O0 -g3 -c -fmessage-length=0 -MT"src/main.o" -mcpu=cortex-a9 -mfpu=vfpv3 -mfloat-abi=hard -I../../PSPL_Basic_SDK_bsp/ps7_cortexa9_0/include -MMD -MP -MF"src/main.d" -MT"src/main.o" -o "src/main.o" "../src/main.c"
Finished building: ../src/main.c
 
Building target: PSPL_Basic_SDK.elf
Invoking: ARM v7 gcc linker
arm-none-eabi-gcc -mcpu=cortex-a9 -mfpu=vfpv3 -mfloat-abi=hard -Wl,-build-id=none -specs=Xilinx.spec -Wl,-T -Wl,../src/lscript.ld -L../../PSPL_Basic_SDK_bsp/ps7_cortexa9_0/lib -o "PSPL_Basic_SDK.elf"  ./src/main.o   -Wl,--start-group,-lxil,-lgcc,-lc,--end-group
Finished building target: PSPL_Basic_SDK.elf
 
Invoking: ARM v7 Print Size
arm-none-eabi-size PSPL_Basic_SDK.elf  |tee "PSPL_Basic_SDK.elf.size"
   text	   data	    bss	    dec	    hex	filename
  72720	   2600	  23344	  98664	  18168	PSPL_Basic_SDK.elf
Finished building: PSPL_Basic_SDK.elf.size
 
00:03:13 **** Auto Build of configuration Debug for project PSPL_Basic_SDK ****
make pre-build main-build 
a9-linaro-pre-build-step
 
Building file: ../src/main.c
Invoking: ARM v7 gcc compiler
arm-none-eabi-gcc -Wall -O0 -g3 -c -fmessage-length=0 -MT"src/main.o" -mcpu=cortex-a9 -mfpu=vfpv3 -mfloat-abi=hard -I../../PSPL_Basic_SDK_bsp/ps7_cortexa9_0/include -MMD -MP -MF"src/main.d" -MT"src/main.o" -o "src/main.o" "../src/main.c"
Finished building: ../src/main.c
 
Building target: PSPL_Basic_SDK.elf
Invoking: ARM v7 gcc linker
arm-none-eabi-gcc -mcpu=cortex-a9 -mfpu=vfpv3 -mfloat-abi=hard -Wl,-build-id=none -specs=Xilinx.spec -Wl,-T -Wl,../src/lscript.ld -L../../PSPL_Basic_SDK_bsp/ps7_cortexa9_0/lib -o "PSPL_Basic_SDK.elf"  ./src/main.o   -Wl,--start-group,-lxil,-lgcc,-lc,--end-group
Finished building target: PSPL_Basic_SDK.elf
 
Invoking: ARM v7 Print Size
arm-none-eabi-size PSPL_Basic_SDK.elf  |tee "PSPL_Basic_SDK.elf.size"
   text	   data	    bss	    dec	    hex	filename
  72720	   2600	  23344	  98664	  18168	PSPL_Basic_SDK.elf
Finished building: PSPL_Basic_SDK.elf.size
 
00:03:20 **** Auto Build of configuration Debug for project PSPL_Basic_SDK ****
make pre-build main-build 
a9-linaro-pre-build-step
 
Building file: ../src/main.c
Invoking: ARM v7 gcc compiler
arm-none-eabi-gcc -Wall -O0 -g3 -c -fmessage-length=0 -MT"src/main.o" -mcpu=cortex-a9 -mfpu=vfpv3 -mfloat-abi=hard -I../../PSPL_Basic_SDK_bsp/ps7_cortexa9_0/include -MMD -MP -MF"src/main.d" -MT"src/main.o" -o "src/main.o" "../src/main.c"
Finished building: ../src/main.c
 
Building target: PSPL_Basic_SDK.elf
Invoking: ARM v7 gcc linker
arm-none-eabi-gcc -mcpu=cortex-a9 -mfpu=vfpv3 -mfloat-abi=hard -Wl,-build-id=none -specs=Xilinx.spec -Wl,-T -Wl,../src/lscript.ld -L../../PSPL_Basic_SDK_bsp/ps7_cortexa9_0/lib -o "PSPL_Basic_SDK.elf"  ./src/main.o   -Wl,--start-group,-lxil,-lgcc,-lc,--end-group
Finished building target: PSPL_Basic_SDK.elf
 
Invoking: ARM v7 Print Size
arm-none-eabi-size PSPL_Basic_SDK.elf  |tee "PSPL_Basic_SDK.elf.size"
   text	   data	    bss	    dec	    hex	filename
  72720	   2600	  23344	  98664	  18168	PSPL_Basic_SDK.elf
Finished building: PSPL_Basic_SDK.elf.size
 
00:03:40 **** Auto Build of configuration Debug for project PSPL_Basic_SDK ****
make pre-build main-build 
a9-linaro-pre-build-step
 
Building file: ../src/main.c
Invoking: ARM v7 gcc compiler
arm-none-eabi-gcc -Wall -O0 -g3 -c -fmessage-length=0 -MT"src/main.o" -mcpu=cortex-a9 -mfpu=vfpv3 -mfloat-abi=hard -I../../PSPL_Basic_SDK_bsp/ps7_cortexa9_0/include -MMD -MP -MF"src/main.d" -MT"src/main.o" -o "src/main.o" "../src/main.c"
Finished building: ../src/main.c
 
Building target: PSPL_Basic_SDK.elf
Invoking: ARM v7 gcc linker
arm-none-eabi-gcc -mcpu=cortex-a9 -mfpu=vfpv3 -mfloat-abi=hard -Wl,-build-id=none -specs=Xilinx.spec -Wl,-T -Wl,../src/lscript.ld -L../../PSPL_Basic_SDK_bsp/ps7_cortexa9_0/lib -o "PSPL_Basic_SDK.elf"  ./src/main.o   -Wl,--start-group,-lxil,-lgcc,-lc,--end-group
Finished building target: PSPL_Basic_SDK.elf
 
Invoking: ARM v7 Print Size
arm-none-eabi-size PSPL_Basic_SDK.elf  |tee "PSPL_Basic_SDK.elf.size"
   text	   data	    bss	    dec	    hex	filename
  72720	   2600	  23344	  98664	  18168	PSPL_Basic_SDK.elf
Finished building: PSPL_Basic_SDK.elf.size
 
00:08:44 **** Auto Build of configuration Debug for project PSPL_Basic_SDK ****
make pre-build main-build 
a9-linaro-pre-build-step
 
Building file: ../src/main.c
Invoking: ARM v7 gcc compiler
arm-none-eabi-gcc -Wall -O0 -g3 -c -fmessage-length=0 -MT"src/main.o" -mcpu=cortex-a9 -mfpu=vfpv3 -mfloat-abi=hard -I../../PSPL_Basic_SDK_bsp/ps7_cortexa9_0/include -MMD -MP -MF"src/main.d" -MT"src/main.o" -o "src/main.o" "../src/main.c"
Finished building: ../src/main.c
 
Building target: PSPL_Basic_SDK.elf
Invoking: ARM v7 gcc linker
arm-none-eabi-gcc -mcpu=cortex-a9 -mfpu=vfpv3 -mfloat-abi=hard -Wl,-build-id=none -specs=Xilinx.spec -Wl,-T -Wl,../src/lscript.ld -L../../PSPL_Basic_SDK_bsp/ps7_cortexa9_0/lib -o "PSPL_Basic_SDK.elf"  ./src/main.o   -Wl,--start-group,-lxil,-lgcc,-lc,--end-group
Finished building target: PSPL_Basic_SDK.elf
 
Invoking: ARM v7 Print Size
arm-none-eabi-size PSPL_Basic_SDK.elf  |tee "PSPL_Basic_SDK.elf.size"
   text	   data	    bss	    dec	    hex	filename
  72720	   2600	  23344	  98664	  18168	PSPL_Basic_SDK.elf
Finished building: PSPL_Basic_SDK.elf.size
 
00:17:37 **** Incremental Build of configuration Debug for project PSPL_Basic_SDK ****
make pre-build main-build 
a9-linaro-pre-build-step
 
make: Nothing to be done for 'main-build'.
